[C:/Meus Sites/Construção e Animação de Cenários e Objetos 2D e 3D/backblue.gif]
[C:/Meus Sites/Construção e Animação de Cenários e Objetos 2D e 3D/fade.gif]
[C:/Meus Sites/Construção e Animação de Cenários e Objetos 2D e 3D/index.html]
[C:/Meus Sites/Construção e Animação de Cenários e Objetos 2D e 3D/scorm.onilearning.com.br/conteudo/assets/img/ONIfavicon-96x96.png]
[C:/Meus Sites/Construção e Animação de Cenários e Objetos 2D e 3D/scorm.onilearning.com.br/conteudo/assets/css/novaTrilha.css]
[C:/Meus Sites/Construção e Animação de Cenários e Objetos 2D e 3D/scorm.onilearning.com.br/conteudo/assets/js/acess_scripts.js]
[C:/Meus Sites/Construção e Animação de Cenários e Objetos 2D e 3D/cdn.jsdelivr.net/npm/@phosphor-icons/web@2.1.1/src/regular/style.css]
[C:/Meus Sites/Construção e Animação de Cenários e Objetos 2D e 3D/cdn.jsdelivr.net/npm/@phosphor-icons/web@2.1.1/src/bold/style.css]
[C:/Meus Sites/Construção e Animação de Cenários e Objetos 2D e 3D/cdn.jsdelivr.net/npm/@phosphor-icons/web@2.1.1/src/fill/style.css]
[C:/Meus Sites/Construção e Animação de Cenários e Objetos 2D e 3D/oni360.com.br/externo/onicreative/template/3/dist/hls.js]
[C:/Meus Sites/Construção e Animação de Cenários e Objetos 2D e 3D/scorm.onilearning.com.br/conteudo/assets/img/iconografia/modelo-2/icone-1.png]
[C:/Meus Sites/Construção e Animação de Cenários e Objetos 2D e 3D/scorm.onilearning.com.br/conteudo/assets/img/iconografia/modelo-2/icone-2.png]
[C:/Meus Sites/Construção e Animação de Cenários e Objetos 2D e 3D/scorm.onilearning.com.br/conteudo/assets/img/iconografia/modelo-2/icone-3.png]
[C:/Meus Sites/Construção e Animação de Cenários e Objetos 2D e 3D/scorm.onilearning.com.br/conteudo/assets/img/iconografia/modelo-2/icone-4.png]
[C:/Meus Sites/Construção e Animação de Cenários e Objetos 2D e 3D/scorm.onilearning.com.br/conteudo/assets/img/iconografia/modelo-2/icone-5.png]
[C:/Meus Sites/Construção e Animação de Cenários e Objetos 2D e 3D/scorm.onilearning.com.br/conteudo/assets/img/iconografia/modelo-2/icone-6.png]
[C:/Meus Sites/Construção e Animação de Cenários e Objetos 2D e 3D/scorm.onilearning.com.br/conteudo/assets/img/iconografia/modelo-2/icone-7.png]
[C:/Meus Sites/Construção e Animação de Cenários e Objetos 2D e 3D/scorm.onilearning.com.br/conteudo/assets/img/iconografia/modelo-2/icone-8.png]
[C:/Meus Sites/Construção e Animação de Cenários e Objetos 2D e 3D/scorm.onilearning.com.br/conteudo/assets/img/iconografia/modelo-2/icone-9.png]
[C:/Meus Sites/Construção e Animação de Cenários e Objetos 2D e 3D/scorm.onilearning.com.br/conteudo/assets/img/iconografia/modelo-2/icone-10.png]
[C:/Meus Sites/Construção e Animação de Cenários e Objetos 2D e 3D/scorm.onilearning.com.br/conteudo/assets/img/iconografia/modelo-2/icone-11.png]
[C:/Meus Sites/Construção e Animação de Cenários e Objetos 2D e 3D/scorm.onilearning.com.br/conteudo/assets/img/iconografia/modelo-2/icone-12.png]
[C:/Meus Sites/Construção e Animação de Cenários e Objetos 2D e 3D/scorm.onilearning.com.br/conteudo/ebook8cfb.pdf]
[C:/Meus Sites/Construção e Animação de Cenários e Objetos 2D e 3D/scorm.onilearning.com.br/conteudo/componente65b3.html]
[C:/Meus Sites/Construção e Animação de Cenários e Objetos 2D e 3D/scorm.onilearning.com.br/conteudo/ebook8c4e.pdf]
[C:/Meus Sites/Construção e Animação de Cenários e Objetos 2D e 3D/scorm.onilearning.com.br/conteudo/componentee3c8.html]
[C:/Meus Sites/Construção e Animação de Cenários e Objetos 2D e 3D/scorm.onilearning.com.br/conteudo/ebooka9d0.pdf]
[C:/Meus Sites/Construção e Animação de Cenários e Objetos 2D e 3D/scorm.onilearning.com.br/conteudo/componente7eee.html]
[C:/Meus Sites/Construção e Animação de Cenários e Objetos 2D e 3D/scorm.onilearning.com.br/conteudo/ebook936e.pdf]
[C:/Meus Sites/Construção e Animação de Cenários e Objetos 2D e 3D/scorm.onilearning.com.br/conteudo/componentef997.html]
[C:/Meus Sites/Construção e Animação de Cenários e Objetos 2D e 3D/scorm.onilearning.com.br/conteudo/assets/css/reset.css]
[C:/Meus Sites/Construção e Animação de Cenários e Objetos 2D e 3D/scorm.onilearning.com.br/conteudo/assets/css/novaTrilha.css]
[C:/Meus Sites/Construção e Animação de Cenários e Objetos 2D e 3D/cdnjs.cloudflare.com/ajax/libs/jquery/3.6.4/jquery.min.js]
[C:/Meus Sites/Construção e Animação de Cenários e Objetos 2D e 3D/scorm.onilearning.com.br/conteudo/assets/css/acess_contrast.css]
[C:/Meus Sites/Construção e Animação de Cenários e Objetos 2D e 3D/scorm.onilearning.com.br/conteudo/assets/css/acess_bar.css]
[C:/Meus Sites/Construção e Animação de Cenários e Objetos 2D e 3D/cdn.jsdelivr.net/npm/@phosphor-icons/web@2.1.1/src/regular/style.css]
[C:/Meus Sites/Construção e Animação de Cenários e Objetos 2D e 3D/cdn.jsdelivr.net/npm/@phosphor-icons/web@2.1.1/src/bold/style.css]
[C:/Meus Sites/Construção e Animação de Cenários e Objetos 2D e 3D/cdn.jsdelivr.net/npm/@phosphor-icons/web@2.1.1/src/fill/style.css]
[C:/Meus Sites/Construção e Animação de Cenários e Objetos 2D e 3D/scorm.onilearning.com.br/conteudo/assets/js/novaTrilha.js]
[C:/Meus Sites/Construção e Animação de Cenários e Objetos 2D e 3D/scorm.onilearning.com.br/conteudo/novo_scorm/scorm-padrao/padrao/css/materialize.min.css]
[C:/Meus Sites/Construção e Animação de Cenários e Objetos 2D e 3D/scorm.onilearning.com.br/conteudo/novo_scorm/scorm-padrao/padrao/css/main.css]
[C:/Meus Sites/Construção e Animação de Cenários e Objetos 2D e 3D/scorm.onilearning.com.br/conteudo/novo_scorm/scorm-padrao/padrao/css/bootstrap-grid.min.css]
[C:/Meus Sites/Construção e Animação de Cenários e Objetos 2D e 3D/cdn.jsdelivr.net/npm/uikit@3.16.15/dist/css/uikit.min.css]
[C:/Meus Sites/Construção e Animação de Cenários e Objetos 2D e 3D/api-externa360.onilearning.com.br/exemplo-mapa.jpg]
[C:/Meus Sites/Construção e Animação de Cenários e Objetos 2D e 3D/cdn.jsdelivr.net/npm/bootstrap-icons@1.11.3/font/bootstrap-icons.css]
[C:/Meus Sites/Construção e Animação de Cenários e Objetos 2D e 3D/scorm.onilearning.com.br/conteudo/novo_scorm/scorm-padrao/padrao/images/banner-trilha.jpg]
[C:/Meus Sites/Construção e Animação de Cenários e Objetos 2D e 3D/cdn.jsdelivr.net/npm/uikit@3.16.15/dist/js/uikit-icons.min.js]
[C:/Meus Sites/Construção e Animação de Cenários e Objetos 2D e 3D/scorm.onilearning.com.br/conteudo/novo_scorm/scorm-padrao/padrao/js/main.js]
[C:/Meus Sites/Construção e Animação de Cenários e Objetos 2D e 3D/scorm.onilearning.com.br/conteudo/componente15e6.html]
[C:/Meus Sites/Construção e Animação de Cenários e Objetos 2D e 3D/scorm.onilearning.com.br/conteudo/assets/img/pdf.svg]
[C:/Meus Sites/Construção e Animação de Cenários e Objetos 2D e 3D/scorm.onilearning.com.br/conteudo/assets/img/lang_BR.svg]
[C:/Meus Sites/Construção e Animação de Cenários e Objetos 2D e 3D/scorm.onilearning.com.br/conteudo/assets/img/lang_US.svg]
[C:/Meus Sites/Construção e Animação de Cenários e Objetos 2D e 3D/scorm.onilearning.com.br/conteudo/assets/img/lang_ES.svg]
[C:/Meus Sites/Construção e Animação de Cenários e Objetos 2D e 3D/cdn.jsdelivr.net/npm/@phosphor-icons/web@2.1.1/src/duotone/style.css]
[C:/Meus Sites/Construção e Animação de Cenários e Objetos 2D e 3D/plugin.handtalk.me/web/latest/handtalk.min.js]
[C:/Meus Sites/Construção e Animação de Cenários e Objetos 2D e 3D/scorm.onilearning.com.br/conteudo/chat_pdf_onitutor_moni.html]
[C:/Meus Sites/Construção e Animação de Cenários e Objetos 2D e 3D/scorm.onilearning.com.br/conteudo/chatpdf/moni_onepage.html]
[C:/Meus Sites/Construção e Animação de Cenários e Objetos 2D e 3D/scorm.onilearning.com.br/conteudo/POST.html]
[C:/Meus Sites/Construção e Animação de Cenários e Objetos 2D e 3D/scorm.onilearning.com.br/conteudo/chatpdf/audioQuestion_moni92bd.json]
[C:/Meus Sites/Construção e Animação de Cenários e Objetos 2D e 3D/scorm.onilearning.com.br/conteudo/audio.html]
[C:/Meus Sites/Construção e Animação de Cenários e Objetos 2D e 3D/scorm.onilearning.com.br/conteudo/scripts.html]
[C:/Meus Sites/Construção e Animação de Cenários e Objetos 2D e 3D/scorm.onilearning.com.br/conteudo/componenteed45.html]
[C:/Meus Sites/Construção e Animação de Cenários e Objetos 2D e 3D/scorm.onilearning.com.br/conteudo/componente3271.html]
[C:/Meus Sites/Construção e Animação de Cenários e Objetos 2D e 3D/scorm.onilearning.com.br/conteudo/componentef9f7.html]
[C:/Meus Sites/Construção e Animação de Cenários e Objetos 2D e 3D/scorm.onilearning.com.br/conteudo/novo_scorm/scorm-padrao/padrao/css/materialize.min.css]
[C:/Meus Sites/Construção e Animação de Cenários e Objetos 2D e 3D/scorm.onilearning.com.br/conteudo/novo_scorm/scorm-padrao/padrao/contents/background_computador2.jpg]
[C:/Meus Sites/Construção e Animação de Cenários e Objetos 2D e 3D/scorm.onilearning.com.br/conteudo/novo_scorm/scorm-padrao/padrao/css/main.css]
[C:/Meus Sites/Construção e Animação de Cenários e Objetos 2D e 3D/scorm.onilearning.com.br/conteudo/novo_scorm/scorm-padrao/padrao/css/bootstrap-grid.min.css]
[C:/Meus Sites/Construção e Animação de Cenários e Objetos 2D e 3D/cdn.jsdelivr.net/npm/uikit@3.16.15/dist/css/uikit.min.css]
[C:/Meus Sites/Construção e Animação de Cenários e Objetos 2D e 3D/scorm.onilearning.com.br/conteudo/componente32a2.html]
[C:/Meus Sites/Construção e Animação de Cenários e Objetos 2D e 3D/scorm.onilearning.com.br/conteudo/slide07df.pdf]
[C:/Meus Sites/Construção e Animação de Cenários e Objetos 2D e 3D/scorm.onilearning.com.br/trilha/assets/pdf/web/viewer.css]
[C:/Meus Sites/Construção e Animação de Cenários e Objetos 2D e 3D/scorm.onilearning.com.br/conteudo/componente4464.html]
[C:/Meus Sites/Construção e Animação de Cenários e Objetos 2D e 3D/scorm.onilearning.com.br/trilha/assets/pdf/web/viewer.js]
[C:/Meus Sites/Construção e Animação de Cenários e Objetos 2D e 3D/scorm.onilearning.com.br/conteudo/slide6bfe.pdf]
[C:/Meus Sites/Construção e Animação de Cenários e Objetos 2D e 3D/scorm.onilearning.com.br/conteudo/componentecd1f.html]
[C:/Meus Sites/Construção e Animação de Cenários e Objetos 2D e 3D/scorm.onilearning.com.br/conteudo/dist/hls.js]
[C:/Meus Sites/Construção e Animação de Cenários e Objetos 2D e 3D/scorm.onilearning.com.br/conteudo/componente3a29.html]
[C:/Meus Sites/Construção e Animação de Cenários e Objetos 2D e 3D/scorm.onilearning.com.br/conteudo/componentee498.html]
[C:/Meus Sites/Construção e Animação de Cenários e Objetos 2D e 3D/cdn.jsdelivr.net/npm/bootstrap-icons@1.11.3/font/bootstrap-icons.css]
[C:/Meus Sites/Construção e Animação de Cenários e Objetos 2D e 3D/code.jquery.com/jquery-3.2.1.min.js]
[C:/Meus Sites/Construção e Animação de Cenários e Objetos 2D e 3D/cdn.jsdelivr.net/npm/@phosphor-icons/web@2.1.1/src/duotone/style.css]
[C:/Meus Sites/Construção e Animação de Cenários e Objetos 2D e 3D/cdn.jsdelivr.net/npm/uikit@3.16.15/dist/js/uikit.min.js]
[C:/Meus Sites/Construção e Animação de Cenários e Objetos 2D e 3D/cdnjs.cloudflare.com/ajax/libs/jspdf/2.4.0/jspdf.umd.min.js]
[C:/Meus Sites/Construção e Animação de Cenários e Objetos 2D e 3D/cdnjs.cloudflare.com/ajax/libs/html2pdf.js/0.10.1/html2pdf.bundle.min.js]
[C:/Meus Sites/Construção e Animação de Cenários e Objetos 2D e 3D/scorm.onilearning.com.br/conteudo/novo_scorm/scorm-padrao/padrao/js/bootstrap.min.js]
[C:/Meus Sites/Construção e Animação de Cenários e Objetos 2D e 3D/scorm.onilearning.com.br/conteudo/componente5300.html]
[C:/Meus Sites/Construção e Animação de Cenários e Objetos 2D e 3D/scorm.onilearning.com.br/conteudo/slide4807.pdf]
[C:/Meus Sites/Construção e Animação de Cenários e Objetos 2D e 3D/scorm.onilearning.com.br/conteudo/componente09d9.html]
[C:/Meus Sites/Construção e Animação de Cenários e Objetos 2D e 3D/scorm.onilearning.com.br/conteudo/slide0f57.pdf]
[C:/Meus Sites/Construção e Animação de Cenários e Objetos 2D e 3D/scorm.onilearning.com.br/conteudo/componenteaaf1.html]
[C:/Meus Sites/Construção e Animação de Cenários e Objetos 2D e 3D/scorm.onilearning.com.br/conteudo/componenteff4f.html]
[C:/Meus Sites/Construção e Animação de Cenários e Objetos 2D e 3D/scorm.onilearning.com.br/conteudo/componente87d3.html]
[C:/Meus Sites/Construção e Animação de Cenários e Objetos 2D e 3D/scorm.onilearning.com.br/conteudo/componente17ec.html]
[C:/Meus Sites/Construção e Animação de Cenários e Objetos 2D e 3D/scorm.onilearning.com.br/conteudo/slide38a0.pdf]
[C:/Meus Sites/Construção e Animação de Cenários e Objetos 2D e 3D/scorm.onilearning.com.br/conteudo/componente9910.html]
[C:/Meus Sites/Construção e Animação de Cenários e Objetos 2D e 3D/scorm.onilearning.com.br/conteudo/slidef53f.pdf]
[C:/Meus Sites/Construção e Animação de Cenários e Objetos 2D e 3D/scorm.onilearning.com.br/conteudo/componente70c0.html]
[C:/Meus Sites/Construção e Animação de Cenários e Objetos 2D e 3D/scorm.onilearning.com.br/conteudo/componenteb8ed.html]
[C:/Meus Sites/Construção e Animação de Cenários e Objetos 2D e 3D/scorm.onilearning.com.br/conteudo/componente4bb2.html]
[C:/Meus Sites/Construção e Animação de Cenários e Objetos 2D e 3D/scorm.onilearning.com.br/conteudo/componentea88e.html]
[C:/Meus Sites/Construção e Animação de Cenários e Objetos 2D e 3D/scorm.onilearning.com.br/conteudo/slide297d.pdf]
[C:/Meus Sites/Construção e Animação de Cenários e Objetos 2D e 3D/scorm.onilearning.com.br/conteudo/componente6e6c.html]
[C:/Meus Sites/Construção e Animação de Cenários e Objetos 2D e 3D/scorm.onilearning.com.br/conteudo/slide0f7e.pdf]
[C:/Meus Sites/Construção e Animação de Cenários e Objetos 2D e 3D/scorm.onilearning.com.br/conteudo/componente2fab.html]
[C:/Meus Sites/Construção e Animação de Cenários e Objetos 2D e 3D/scorm.onilearning.com.br/conteudo/componente4f65.html]
[C:/Meus Sites/Construção e Animação de Cenários e Objetos 2D e 3D/scorm.onilearning.com.br/conteudo/componente6bdf.html]
[C:/Meus Sites/Construção e Animação de Cenários e Objetos 2D e 3D/scorm.onilearning.com.br/conteudo/componentef796.html]
[C:/Meus Sites/Construção e Animação de Cenários e Objetos 2D e 3D/scorm.onilearning.com.br/conteudo/componente3a38.html]
[C:/Meus Sites/Construção e Animação de Cenários e Objetos 2D e 3D/scorm.onilearning.com.br/conteudo/locale/locale.html]
[C:/Meus Sites/Construção e Animação de Cenários e Objetos 2D e 3D/scorm.onilearning.com.br/trilha/assets/pdf/build/pdf.js]
[C:/Meus Sites/Construção e Animação de Cenários e Objetos 2D e 3D/scorm.onilearning.com.br/trilha/assets/pdf/web/viewer.css]
[C:/Meus Sites/Construção e Animação de Cenários e Objetos 2D e 3D/scorm.onilearning.com.br/conteudo/componente45ac.html]
[C:/Meus Sites/Construção e Animação de Cenários e Objetos 2D e 3D/scorm.onilearning.com.br/conteudo/componente752a.html]
[C:/Meus Sites/Construção e Animação de Cenários e Objetos 2D e 3D/scorm.onilearning.com.br/conteudo/componente9150.html]
[C:/Meus Sites/Construção e Animação de Cenários e Objetos 2D e 3D/scorm.onilearning.com.br/conteudo/chatpdf/baixarConversaMoni.html]
