[C:/Meus Sites/Projetos de Automação Industrial/backblue.gif]
[C:/Meus Sites/Projetos de Automação Industrial/fade.gif]
[C:/Meus Sites/Projetos de Automação Industrial/index.html]
[C:/Meus Sites/Projetos de Automação Industrial/scorm.onilearning.com.br/conteudo/assets/img/ONIfavicon-96x96.png]
[C:/Meus Sites/Projetos de Automação Industrial/scorm.onilearning.com.br/conteudo/assets/css/novaTrilha.css]
[C:/Meus Sites/Projetos de Automação Industrial/scorm.onilearning.com.br/conteudo/assets/js/acess_scripts.js]
[C:/Meus Sites/Projetos de Automação Industrial/cdn.jsdelivr.net/npm/@phosphor-icons/web@2.1.1/src/regular/style.css]
[C:/Meus Sites/Projetos de Automação Industrial/cdn.jsdelivr.net/npm/@phosphor-icons/web@2.1.1/src/bold/style.css]
[C:/Meus Sites/Projetos de Automação Industrial/cdn.jsdelivr.net/npm/@phosphor-icons/web@2.1.1/src/fill/style.css]
[C:/Meus Sites/Projetos de Automação Industrial/oni360.com.br/externo/onicreative/template/3/dist/hls.js]
[C:/Meus Sites/Projetos de Automação Industrial/scorm.onilearning.com.br/conteudo/assets/img/iconografia/modelo-3/icone-1.png]
[C:/Meus Sites/Projetos de Automação Industrial/scorm.onilearning.com.br/conteudo/assets/img/iconografia/modelo-3/icone-2.png]
[C:/Meus Sites/Projetos de Automação Industrial/scorm.onilearning.com.br/conteudo/assets/img/iconografia/modelo-3/icone-3.png]
[C:/Meus Sites/Projetos de Automação Industrial/scorm.onilearning.com.br/conteudo/assets/img/iconografia/modelo-3/icone-4.png]
[C:/Meus Sites/Projetos de Automação Industrial/scorm.onilearning.com.br/conteudo/assets/img/iconografia/modelo-3/icone-5.png]
[C:/Meus Sites/Projetos de Automação Industrial/scorm.onilearning.com.br/conteudo/assets/img/iconografia/modelo-3/icone-6.png]
[C:/Meus Sites/Projetos de Automação Industrial/scorm.onilearning.com.br/conteudo/assets/img/iconografia/modelo-3/icone-7.png]
[C:/Meus Sites/Projetos de Automação Industrial/scorm.onilearning.com.br/conteudo/assets/img/iconografia/modelo-3/icone-8.png]
[C:/Meus Sites/Projetos de Automação Industrial/scorm.onilearning.com.br/conteudo/assets/img/iconografia/modelo-3/icone-9.png]
[C:/Meus Sites/Projetos de Automação Industrial/scorm.onilearning.com.br/conteudo/assets/img/iconografia/modelo-3/icone-10.png]
[C:/Meus Sites/Projetos de Automação Industrial/scorm.onilearning.com.br/conteudo/assets/img/iconografia/modelo-3/icone-11.png]
[C:/Meus Sites/Projetos de Automação Industrial/scorm.onilearning.com.br/conteudo/assets/img/iconografia/modelo-3/icone-12.png]
[C:/Meus Sites/Projetos de Automação Industrial/scorm.onilearning.com.br/conteudo/ebookf7ab.pdf]
[C:/Meus Sites/Projetos de Automação Industrial/scorm.onilearning.com.br/conteudo/assets/img/lang_ES.svg]
[C:/Meus Sites/Projetos de Automação Industrial/scorm.onilearning.com.br/conteudo/componented7a3.html]
[C:/Meus Sites/Projetos de Automação Industrial/scorm.onilearning.com.br/conteudo/ebook7ade.pdf]
[C:/Meus Sites/Projetos de Automação Industrial/scorm.onilearning.com.br/conteudo/componente28fc.html]
[C:/Meus Sites/Projetos de Automação Industrial/scorm.onilearning.com.br/conteudo/ebook03bb.pdf]
[C:/Meus Sites/Projetos de Automação Industrial/scorm.onilearning.com.br/conteudo/componente13ca.html]
[C:/Meus Sites/Projetos de Automação Industrial/scorm.onilearning.com.br/conteudo/ebook92c6.pdf]
[C:/Meus Sites/Projetos de Automação Industrial/scorm.onilearning.com.br/conteudo/componente954c.html]
[C:/Meus Sites/Projetos de Automação Industrial/scorm.onilearning.com.br/conteudo/assets/css/reset.css]
[C:/Meus Sites/Projetos de Automação Industrial/scorm.onilearning.com.br/conteudo/assets/css/novaTrilha.css]
[C:/Meus Sites/Projetos de Automação Industrial/cdnjs.cloudflare.com/ajax/libs/jquery/3.6.4/jquery.min.js]
[C:/Meus Sites/Projetos de Automação Industrial/scorm.onilearning.com.br/conteudo/assets/css/acess_contrast.css]
[C:/Meus Sites/Projetos de Automação Industrial/scorm.onilearning.com.br/conteudo/assets/css/acess_bar.css]
[C:/Meus Sites/Projetos de Automação Industrial/cdn.jsdelivr.net/npm/@phosphor-icons/web@2.1.1/src/regular/style.css]
[C:/Meus Sites/Projetos de Automação Industrial/cdn.jsdelivr.net/npm/@phosphor-icons/web@2.1.1/src/bold/style.css]
[C:/Meus Sites/Projetos de Automação Industrial/cdn.jsdelivr.net/npm/@phosphor-icons/web@2.1.1/src/fill/style.css]
[C:/Meus Sites/Projetos de Automação Industrial/scorm.onilearning.com.br/conteudo/assets/js/novaTrilha.js]
[C:/Meus Sites/Projetos de Automação Industrial/scorm.onilearning.com.br/conteudo/novo_scorm/scorm-padrao/padrao/css/materialize.min.css]
[C:/Meus Sites/Projetos de Automação Industrial/scorm.onilearning.com.br/conteudo/novo_scorm/scorm-padrao/padrao/css/main.css]
[C:/Meus Sites/Projetos de Automação Industrial/scorm.onilearning.com.br/conteudo/novo_scorm/scorm-padrao/padrao/css/bootstrap-grid.min.css]
[C:/Meus Sites/Projetos de Automação Industrial/cdn.jsdelivr.net/npm/uikit@3.16.15/dist/css/uikit.min.css]
[C:/Meus Sites/Projetos de Automação Industrial/api-externa360.onilearning.com.br/exemplo-mapa.jpg]
[C:/Meus Sites/Projetos de Automação Industrial/cdn.jsdelivr.net/npm/bootstrap-icons@1.11.3/font/bootstrap-icons.css]
[C:/Meus Sites/Projetos de Automação Industrial/scorm.onilearning.com.br/conteudo/novo_scorm/scorm-padrao/padrao/images/banner-trilha.jpg]
[C:/Meus Sites/Projetos de Automação Industrial/cdn.jsdelivr.net/npm/uikit@3.16.15/dist/js/uikit-icons.min.js]
[C:/Meus Sites/Projetos de Automação Industrial/scorm.onilearning.com.br/conteudo/novo_scorm/scorm-padrao/padrao/js/main.js]
[C:/Meus Sites/Projetos de Automação Industrial/scorm.onilearning.com.br/conteudo/componente1d2f.html]
[C:/Meus Sites/Projetos de Automação Industrial/scorm.onilearning.com.br/conteudo/assets/img/pdf.svg]
[C:/Meus Sites/Projetos de Automação Industrial/scorm.onilearning.com.br/conteudo/assets/img/lang_BR.svg]
[C:/Meus Sites/Projetos de Automação Industrial/scorm.onilearning.com.br/conteudo/assets/img/lang_US.svg]
[C:/Meus Sites/Projetos de Automação Industrial/scorm.onilearning.com.br/conteudo/assets/img/lang_ES.svg]
[C:/Meus Sites/Projetos de Automação Industrial/plugin.handtalk.me/web/latest/handtalk.min.js]
[C:/Meus Sites/Projetos de Automação Industrial/scorm.onilearning.com.br/conteudo/chatpdf/HISTORICO.pdf]
[C:/Meus Sites/Projetos de Automação Industrial/scorm.onilearning.com.br/conteudo/chat_pdf_onitutor_moni.html]
[C:/Meus Sites/Projetos de Automação Industrial/scorm.onilearning.com.br/conteudo/chatpdf/moni_onepage.html]
[C:/Meus Sites/Projetos de Automação Industrial/scorm.onilearning.com.br/conteudo/POST.html]
[C:/Meus Sites/Projetos de Automação Industrial/scorm.onilearning.com.br/conteudo/chatpdf/audioQuestion_moni92bd.json]
[C:/Meus Sites/Projetos de Automação Industrial/scorm.onilearning.com.br/conteudo/audio.html]
[C:/Meus Sites/Projetos de Automação Industrial/scorm.onilearning.com.br/conteudo/scripts.html]
[C:/Meus Sites/Projetos de Automação Industrial/scorm.onilearning.com.br/conteudo/componente0803.html]
[C:/Meus Sites/Projetos de Automação Industrial/scorm.onilearning.com.br/conteudo/componenteaa2a.html]
[C:/Meus Sites/Projetos de Automação Industrial/scorm.onilearning.com.br/conteudo/componentec0f9.html]
[C:/Meus Sites/Projetos de Automação Industrial/scorm.onilearning.com.br/conteudo/novo_scorm/scorm-padrao/padrao/css/materialize.min.css]
[C:/Meus Sites/Projetos de Automação Industrial/scorm.onilearning.com.br/conteudo/novo_scorm/scorm-padrao/padrao/contents/background_computador2.jpg]
[C:/Meus Sites/Projetos de Automação Industrial/scorm.onilearning.com.br/conteudo/novo_scorm/scorm-padrao/padrao/css/main.css]
[C:/Meus Sites/Projetos de Automação Industrial/scorm.onilearning.com.br/conteudo/novo_scorm/scorm-padrao/padrao/css/bootstrap-grid.min.css]
[C:/Meus Sites/Projetos de Automação Industrial/cdn.jsdelivr.net/npm/uikit@3.16.15/dist/css/uikit.min.css]
[C:/Meus Sites/Projetos de Automação Industrial/scorm.onilearning.com.br/conteudo/componente6639.html]
[C:/Meus Sites/Projetos de Automação Industrial/scorm.onilearning.com.br/conteudo/slide4d93.pdf]
[C:/Meus Sites/Projetos de Automação Industrial/scorm.onilearning.com.br/trilha/assets/pdf/web/viewer.css]
[C:/Meus Sites/Projetos de Automação Industrial/scorm.onilearning.com.br/conteudo/componente60c1.html]
[C:/Meus Sites/Projetos de Automação Industrial/scorm.onilearning.com.br/trilha/assets/pdf/web/viewer.js]
[C:/Meus Sites/Projetos de Automação Industrial/scorm.onilearning.com.br/conteudo/slide2b2b.pdf]
[C:/Meus Sites/Projetos de Automação Industrial/scorm.onilearning.com.br/conteudo/componente4c9e.html]
[C:/Meus Sites/Projetos de Automação Industrial/scorm.onilearning.com.br/conteudo/componented7c6.html]
[C:/Meus Sites/Projetos de Automação Industrial/scorm.onilearning.com.br/conteudo/componente7ca9.html]
[C:/Meus Sites/Projetos de Automação Industrial/cdn.jsdelivr.net/npm/bootstrap-icons@1.11.3/font/bootstrap-icons.css]
[C:/Meus Sites/Projetos de Automação Industrial/cdn.jsdelivr.net/npm/uikit@3.16.15/dist/js/uikit.min.js]
[C:/Meus Sites/Projetos de Automação Industrial/code.jquery.com/jquery-3.2.1.min.js]
[C:/Meus Sites/Projetos de Automação Industrial/cdnjs.cloudflare.com/ajax/libs/html2pdf.js/0.10.1/html2pdf.bundle.min.js]
[C:/Meus Sites/Projetos de Automação Industrial/cdnjs.cloudflare.com/ajax/libs/jspdf/2.4.0/jspdf.umd.min.js]
[C:/Meus Sites/Projetos de Automação Industrial/scorm.onilearning.com.br/conteudo/novo_scorm/scorm-padrao/padrao/js/bootstrap.min.js]
[C:/Meus Sites/Projetos de Automação Industrial/scorm.onilearning.com.br/conteudo/componente121b.html]
[C:/Meus Sites/Projetos de Automação Industrial/scorm.onilearning.com.br/conteudo/slide38b8.pdf]
[C:/Meus Sites/Projetos de Automação Industrial/scorm.onilearning.com.br/conteudo/componente586a.html]
[C:/Meus Sites/Projetos de Automação Industrial/scorm.onilearning.com.br/conteudo/slide1b6f.pdf]
[C:/Meus Sites/Projetos de Automação Industrial/scorm.onilearning.com.br/conteudo/componentefcc0.html]
[C:/Meus Sites/Projetos de Automação Industrial/scorm.onilearning.com.br/conteudo/componentefd0f.html]
[C:/Meus Sites/Projetos de Automação Industrial/scorm.onilearning.com.br/conteudo/componente24f2.html]
[C:/Meus Sites/Projetos de Automação Industrial/scorm.onilearning.com.br/conteudo/componenteedde.html]
[C:/Meus Sites/Projetos de Automação Industrial/scorm.onilearning.com.br/conteudo/slide5448.pdf]
[C:/Meus Sites/Projetos de Automação Industrial/scorm.onilearning.com.br/conteudo/componente8995.html]
[C:/Meus Sites/Projetos de Automação Industrial/scorm.onilearning.com.br/conteudo/slide1d10.pdf]
[C:/Meus Sites/Projetos de Automação Industrial/scorm.onilearning.com.br/conteudo/componente6ace.html]
[C:/Meus Sites/Projetos de Automação Industrial/scorm.onilearning.com.br/conteudo/componente85df.html]
[C:/Meus Sites/Projetos de Automação Industrial/scorm.onilearning.com.br/conteudo/componente1732.html]
[C:/Meus Sites/Projetos de Automação Industrial/scorm.onilearning.com.br/conteudo/componentea1a5.html]
[C:/Meus Sites/Projetos de Automação Industrial/scorm.onilearning.com.br/conteudo/slide80e8.pdf]
[C:/Meus Sites/Projetos de Automação Industrial/scorm.onilearning.com.br/conteudo/componente74c2.html]
[C:/Meus Sites/Projetos de Automação Industrial/scorm.onilearning.com.br/conteudo/slide9408.pdf]
[C:/Meus Sites/Projetos de Automação Industrial/scorm.onilearning.com.br/conteudo/componente7a9d.html]
[C:/Meus Sites/Projetos de Automação Industrial/scorm.onilearning.com.br/conteudo/componente2d1e.html]
[C:/Meus Sites/Projetos de Automação Industrial/scorm.onilearning.com.br/conteudo/componentece04.html]
[C:/Meus Sites/Projetos de Automação Industrial/scorm.onilearning.com.br/conteudo/componente609e.html]
[C:/Meus Sites/Projetos de Automação Industrial/scorm.onilearning.com.br/conteudo/componente5024.html]
[C:/Meus Sites/Projetos de Automação Industrial/scorm.onilearning.com.br/conteudo/locale/locale.html]
[C:/Meus Sites/Projetos de Automação Industrial/scorm.onilearning.com.br/trilha/assets/pdf/web/viewer.css]
[C:/Meus Sites/Projetos de Automação Industrial/scorm.onilearning.com.br/conteudo/componente55b7.html]
[C:/Meus Sites/Projetos de Automação Industrial/scorm.onilearning.com.br/trilha/assets/pdf/build/pdf.js]
[C:/Meus Sites/Projetos de Automação Industrial/scorm.onilearning.com.br/conteudo/dist/hls.js]
[C:/Meus Sites/Projetos de Automação Industrial/scorm.onilearning.com.br/conteudo/componente5818.html]
[C:/Meus Sites/Projetos de Automação Industrial/scorm.onilearning.com.br/conteudo/componente41b0.html]
