[C:/Meus Sites/Fundamentos da Mecânica Clássica e Quântica/backblue.gif]
[C:/Meus Sites/Fundamentos da Mecânica Clássica e Quântica/fade.gif]
[C:/Meus Sites/Fundamentos da Mecânica Clássica e Quântica/index.html]
[C:/Meus Sites/Fundamentos da Mecânica Clássica e Quântica/scorm.onilearning.com.br/conteudo/assets/img/ONIfavicon-96x96.png]
[C:/Meus Sites/Fundamentos da Mecânica Clássica e Quântica/scorm.onilearning.com.br/conteudo/assets/css/novaTrilha.css]
[C:/Meus Sites/Fundamentos da Mecânica Clássica e Quântica/scorm.onilearning.com.br/conteudo/assets/js/acess_scripts.js]
[C:/Meus Sites/Fundamentos da Mecânica Clássica e Quântica/cdn.jsdelivr.net/npm/@phosphor-icons/web@2.1.1/src/regular/style.css]
[C:/Meus Sites/Fundamentos da Mecânica Clássica e Quântica/cdn.jsdelivr.net/npm/@phosphor-icons/web@2.1.1/src/bold/style.css]
[C:/Meus Sites/Fundamentos da Mecânica Clássica e Quântica/cdn.jsdelivr.net/npm/@phosphor-icons/web@2.1.1/src/fill/style.css]
[C:/Meus Sites/Fundamentos da Mecânica Clássica e Quântica/scorm.onilearning.com.br/conteudo/assets/img/iconografia/modelo-3/icone-1.png]
[C:/Meus Sites/Fundamentos da Mecânica Clássica e Quântica/scorm.onilearning.com.br/conteudo/assets/img/iconografia/modelo-3/icone-2.png]
[C:/Meus Sites/Fundamentos da Mecânica Clássica e Quântica/scorm.onilearning.com.br/conteudo/assets/img/iconografia/modelo-3/icone-3.png]
[C:/Meus Sites/Fundamentos da Mecânica Clássica e Quântica/scorm.onilearning.com.br/conteudo/assets/img/iconografia/modelo-3/icone-4.png]
[C:/Meus Sites/Fundamentos da Mecânica Clássica e Quântica/scorm.onilearning.com.br/conteudo/assets/img/iconografia/modelo-3/icone-5.png]
[C:/Meus Sites/Fundamentos da Mecânica Clássica e Quântica/scorm.onilearning.com.br/conteudo/assets/img/iconografia/modelo-3/icone-6.png]
[C:/Meus Sites/Fundamentos da Mecânica Clássica e Quântica/scorm.onilearning.com.br/conteudo/assets/img/iconografia/modelo-3/icone-7.png]
[C:/Meus Sites/Fundamentos da Mecânica Clássica e Quântica/scorm.onilearning.com.br/conteudo/assets/img/iconografia/modelo-3/icone-8.png]
[C:/Meus Sites/Fundamentos da Mecânica Clássica e Quântica/scorm.onilearning.com.br/conteudo/assets/img/iconografia/modelo-3/icone-9.png]
[C:/Meus Sites/Fundamentos da Mecânica Clássica e Quântica/scorm.onilearning.com.br/conteudo/assets/img/iconografia/modelo-3/icone-10.png]
[C:/Meus Sites/Fundamentos da Mecânica Clássica e Quântica/scorm.onilearning.com.br/conteudo/assets/img/iconografia/modelo-3/icone-11.png]
[C:/Meus Sites/Fundamentos da Mecânica Clássica e Quântica/scorm.onilearning.com.br/conteudo/assets/img/iconografia/modelo-3/icone-12.png]
[C:/Meus Sites/Fundamentos da Mecânica Clássica e Quântica/scorm.onilearning.com.br/conteudo/ebookeacf.pdf]
[C:/Meus Sites/Fundamentos da Mecânica Clássica e Quântica/scorm.onilearning.com.br/conteudo/assets/img/lang_ES.svg]
[C:/Meus Sites/Fundamentos da Mecânica Clássica e Quântica/scorm.onilearning.com.br/conteudo/arquivo-pdf74d7.pdf]
[C:/Meus Sites/Fundamentos da Mecânica Clássica e Quântica/scorm.onilearning.com.br/conteudo/componente1069.html]
[C:/Meus Sites/Fundamentos da Mecânica Clássica e Quântica/scorm.onilearning.com.br/conteudo/ebook2e80.pdf]
[C:/Meus Sites/Fundamentos da Mecânica Clássica e Quântica/scorm.onilearning.com.br/conteudo/arquivo-pdfa069.pdf]
[C:/Meus Sites/Fundamentos da Mecânica Clássica e Quântica/scorm.onilearning.com.br/conteudo/componented707.html]
[C:/Meus Sites/Fundamentos da Mecânica Clássica e Quântica/scorm.onilearning.com.br/conteudo/ebookf9d8.pdf]
[C:/Meus Sites/Fundamentos da Mecânica Clássica e Quântica/scorm.onilearning.com.br/conteudo/arquivo-pdf8872.pdf]
[C:/Meus Sites/Fundamentos da Mecânica Clássica e Quântica/scorm.onilearning.com.br/conteudo/componente2942.html]
[C:/Meus Sites/Fundamentos da Mecânica Clássica e Quântica/scorm.onilearning.com.br/conteudo/ebook5a5f.pdf]
[C:/Meus Sites/Fundamentos da Mecânica Clássica e Quântica/scorm.onilearning.com.br/conteudo/arquivo-pdf86fe.pdf]
[C:/Meus Sites/Fundamentos da Mecânica Clássica e Quântica/scorm.onilearning.com.br/conteudo/componente6491.html]
[C:/Meus Sites/Fundamentos da Mecânica Clássica e Quântica/scorm.onilearning.com.br/conteudo/assets/css/reset.css]
[C:/Meus Sites/Fundamentos da Mecânica Clássica e Quântica/scorm.onilearning.com.br/conteudo/assets/css/novaTrilha.css]
[C:/Meus Sites/Fundamentos da Mecânica Clássica e Quântica/scorm.onilearning.com.br/conteudo/assets/css/acess_contrast.css]
[C:/Meus Sites/Fundamentos da Mecânica Clássica e Quântica/scorm.onilearning.com.br/conteudo/assets/css/acess_bar.css]
[C:/Meus Sites/Fundamentos da Mecânica Clássica e Quântica/cdn.jsdelivr.net/npm/@phosphor-icons/web@2.1.1/src/regular/style.css]
[C:/Meus Sites/Fundamentos da Mecânica Clássica e Quântica/cdn.jsdelivr.net/npm/@phosphor-icons/web@2.1.1/src/bold/style.css]
[C:/Meus Sites/Fundamentos da Mecânica Clássica e Quântica/cdn.jsdelivr.net/npm/@phosphor-icons/web@2.1.1/src/fill/style.css]
[C:/Meus Sites/Fundamentos da Mecânica Clássica e Quântica/oni360.com.br/externo/onicreative/template/3/dist/hls.js]
[C:/Meus Sites/Fundamentos da Mecânica Clássica e Quântica/cdnjs.cloudflare.com/ajax/libs/jquery/3.6.4/jquery.min.js]
[C:/Meus Sites/Fundamentos da Mecânica Clássica e Quântica/scorm.onilearning.com.br/conteudo/assets/js/novaTrilha.js]
[C:/Meus Sites/Fundamentos da Mecânica Clássica e Quântica/scorm.onilearning.com.br/conteudo/novo_scorm/scorm-padrao/padrao/css/materialize.min.css]
[C:/Meus Sites/Fundamentos da Mecânica Clássica e Quântica/scorm.onilearning.com.br/conteudo/novo_scorm/scorm-padrao/padrao/css/main.css]
[C:/Meus Sites/Fundamentos da Mecânica Clássica e Quântica/scorm.onilearning.com.br/conteudo/novo_scorm/scorm-padrao/padrao/css/bootstrap-grid.min.css]
[C:/Meus Sites/Fundamentos da Mecânica Clássica e Quântica/cdn.jsdelivr.net/npm/uikit@3.16.15/dist/css/uikit.min.css]
[C:/Meus Sites/Fundamentos da Mecânica Clássica e Quântica/api-externa360.onilearning.com.br/exemplo-mapa.jpg]
[C:/Meus Sites/Fundamentos da Mecânica Clássica e Quântica/cdn.jsdelivr.net/npm/bootstrap-icons@1.11.3/font/bootstrap-icons.css]
[C:/Meus Sites/Fundamentos da Mecânica Clássica e Quântica/scorm.onilearning.com.br/conteudo/novo_scorm/scorm-padrao/padrao/images/banner-trilha.jpg]
[C:/Meus Sites/Fundamentos da Mecânica Clássica e Quântica/cdn.jsdelivr.net/npm/uikit@3.16.15/dist/js/uikit-icons.min.js]
[C:/Meus Sites/Fundamentos da Mecânica Clássica e Quântica/scorm.onilearning.com.br/conteudo/novo_scorm/scorm-padrao/padrao/js/main.js]
[C:/Meus Sites/Fundamentos da Mecânica Clássica e Quântica/scorm.onilearning.com.br/conteudo/componente3f13.html]
[C:/Meus Sites/Fundamentos da Mecânica Clássica e Quântica/scorm.onilearning.com.br/conteudo/assets/img/pdf.svg]
[C:/Meus Sites/Fundamentos da Mecânica Clássica e Quântica/scorm.onilearning.com.br/conteudo/assets/img/lang_BR.svg]
[C:/Meus Sites/Fundamentos da Mecânica Clássica e Quântica/scorm.onilearning.com.br/conteudo/assets/img/lang_US.svg]
[C:/Meus Sites/Fundamentos da Mecânica Clássica e Quântica/scorm.onilearning.com.br/conteudo/assets/img/lang_ES.svg]
[C:/Meus Sites/Fundamentos da Mecânica Clássica e Quântica/plugin.handtalk.me/web/latest/handtalk.min.js]
[C:/Meus Sites/Fundamentos da Mecânica Clássica e Quântica/scorm.onilearning.com.br/conteudo/chatpdf/HISTORICO.pdf]
[C:/Meus Sites/Fundamentos da Mecânica Clássica e Quântica/scorm.onilearning.com.br/conteudo/chat_pdf_onitutor.html]
[C:/Meus Sites/Fundamentos da Mecânica Clássica e Quântica/scorm.onilearning.com.br/conteudo/POST.html]
[C:/Meus Sites/Fundamentos da Mecânica Clássica e Quântica/scorm.onilearning.com.br/conteudo/chatpdf/FunPerguntapdf.html]
[C:/Meus Sites/Fundamentos da Mecânica Clássica e Quântica/scorm.onilearning.com.br/conteudo/chatpdf/carregarConversas.html]
[C:/Meus Sites/Fundamentos da Mecânica Clássica e Quântica/scorm.onilearning.com.br/conteudo/scripts.html]
[C:/Meus Sites/Fundamentos da Mecânica Clássica e Quântica/scorm.onilearning.com.br/conteudo/componenteb134.html]
[C:/Meus Sites/Fundamentos da Mecânica Clássica e Quântica/scorm.onilearning.com.br/conteudo/componenteaefd.html]
[C:/Meus Sites/Fundamentos da Mecânica Clássica e Quântica/scorm.onilearning.com.br/conteudo/componente9282.html]
[C:/Meus Sites/Fundamentos da Mecânica Clássica e Quântica/scorm.onilearning.com.br/conteudo/novo_scorm/scorm-padrao/padrao/css/materialize.min.css]
[C:/Meus Sites/Fundamentos da Mecânica Clássica e Quântica/scorm.onilearning.com.br/conteudo/novo_scorm/scorm-padrao/padrao/contents/background_computador2.jpg]
[C:/Meus Sites/Fundamentos da Mecânica Clássica e Quântica/scorm.onilearning.com.br/conteudo/novo_scorm/scorm-padrao/padrao/css/main.css]
[C:/Meus Sites/Fundamentos da Mecânica Clássica e Quântica/scorm.onilearning.com.br/conteudo/novo_scorm/scorm-padrao/padrao/css/bootstrap-grid.min.css]
[C:/Meus Sites/Fundamentos da Mecânica Clássica e Quântica/cdn.jsdelivr.net/npm/uikit@3.16.15/dist/css/uikit.min.css]
[C:/Meus Sites/Fundamentos da Mecânica Clássica e Quântica/scorm.onilearning.com.br/conteudo/componente45cd.html]
[C:/Meus Sites/Fundamentos da Mecânica Clássica e Quântica/scorm.onilearning.com.br/conteudo/slide38fd.pdf]
[C:/Meus Sites/Fundamentos da Mecânica Clássica e Quântica/scorm.onilearning.com.br/trilha/assets/pdf/web/viewer.css]
[C:/Meus Sites/Fundamentos da Mecânica Clássica e Quântica/scorm.onilearning.com.br/conteudo/componente0f73.html]
[C:/Meus Sites/Fundamentos da Mecânica Clássica e Quântica/scorm.onilearning.com.br/trilha/assets/pdf/web/viewer.js]
[C:/Meus Sites/Fundamentos da Mecânica Clássica e Quântica/scorm.onilearning.com.br/conteudo/slidec56d.pdf]
[C:/Meus Sites/Fundamentos da Mecânica Clássica e Quântica/scorm.onilearning.com.br/conteudo/componentece4d.html]
[C:/Meus Sites/Fundamentos da Mecânica Clássica e Quântica/scorm.onilearning.com.br/conteudo/dist/hls.js]
[C:/Meus Sites/Fundamentos da Mecânica Clássica e Quântica/scorm.onilearning.com.br/conteudo/componente4ac5.html]
[C:/Meus Sites/Fundamentos da Mecânica Clássica e Quântica/scorm.onilearning.com.br/conteudo/componentecf33.html]
[C:/Meus Sites/Fundamentos da Mecânica Clássica e Quântica/cdn.jsdelivr.net/npm/bootstrap-icons@1.11.3/font/bootstrap-icons.css]
[C:/Meus Sites/Fundamentos da Mecânica Clássica e Quântica/code.jquery.com/jquery-3.2.1.min.js]
[C:/Meus Sites/Fundamentos da Mecânica Clássica e Quântica/cdn.jsdelivr.net/npm/uikit@3.16.15/dist/js/uikit.min.js]
[C:/Meus Sites/Fundamentos da Mecânica Clássica e Quântica/cdnjs.cloudflare.com/ajax/libs/jspdf/2.4.0/jspdf.umd.min.js]
[C:/Meus Sites/Fundamentos da Mecânica Clássica e Quântica/cdnjs.cloudflare.com/ajax/libs/html2pdf.js/0.10.1/html2pdf.bundle.min.js]
[C:/Meus Sites/Fundamentos da Mecânica Clássica e Quântica/scorm.onilearning.com.br/conteudo/novo_scorm/scorm-padrao/padrao/js/bootstrap.min.js]
[C:/Meus Sites/Fundamentos da Mecânica Clássica e Quântica/scorm.onilearning.com.br/conteudo/componente95f8.html]
[C:/Meus Sites/Fundamentos da Mecânica Clássica e Quântica/scorm.onilearning.com.br/conteudo/slide4d8f.pdf]
[C:/Meus Sites/Fundamentos da Mecânica Clássica e Quântica/scorm.onilearning.com.br/conteudo/componente31ff.html]
[C:/Meus Sites/Fundamentos da Mecânica Clássica e Quântica/scorm.onilearning.com.br/conteudo/slided574.pdf]
[C:/Meus Sites/Fundamentos da Mecânica Clássica e Quântica/scorm.onilearning.com.br/conteudo/componente2aaa.html]
[C:/Meus Sites/Fundamentos da Mecânica Clássica e Quântica/scorm.onilearning.com.br/conteudo/componentea741.html]
[C:/Meus Sites/Fundamentos da Mecânica Clássica e Quântica/scorm.onilearning.com.br/conteudo/componentec473.html]
[C:/Meus Sites/Fundamentos da Mecânica Clássica e Quântica/scorm.onilearning.com.br/conteudo/componente05b8.html]
[C:/Meus Sites/Fundamentos da Mecânica Clássica e Quântica/scorm.onilearning.com.br/conteudo/slide8d05.pdf]
[C:/Meus Sites/Fundamentos da Mecânica Clássica e Quântica/scorm.onilearning.com.br/conteudo/componente5cd0.html]
[C:/Meus Sites/Fundamentos da Mecânica Clássica e Quântica/scorm.onilearning.com.br/conteudo/slide1f38.pdf]
[C:/Meus Sites/Fundamentos da Mecânica Clássica e Quântica/scorm.onilearning.com.br/conteudo/componente3234.html]
[C:/Meus Sites/Fundamentos da Mecânica Clássica e Quântica/scorm.onilearning.com.br/conteudo/componente10c0.html]
[C:/Meus Sites/Fundamentos da Mecânica Clássica e Quântica/scorm.onilearning.com.br/conteudo/componente30eb.html]
[C:/Meus Sites/Fundamentos da Mecânica Clássica e Quântica/scorm.onilearning.com.br/conteudo/componented690.html]
[C:/Meus Sites/Fundamentos da Mecânica Clássica e Quântica/scorm.onilearning.com.br/conteudo/slide8701.pdf]
[C:/Meus Sites/Fundamentos da Mecânica Clássica e Quântica/scorm.onilearning.com.br/conteudo/componente50b8.html]
[C:/Meus Sites/Fundamentos da Mecânica Clássica e Quântica/scorm.onilearning.com.br/conteudo/slide4b38.pdf]
[C:/Meus Sites/Fundamentos da Mecânica Clássica e Quântica/scorm.onilearning.com.br/conteudo/componente086d.html]
[C:/Meus Sites/Fundamentos da Mecânica Clássica e Quântica/scorm.onilearning.com.br/conteudo/componente4181.html]
[C:/Meus Sites/Fundamentos da Mecânica Clássica e Quântica/scorm.onilearning.com.br/conteudo/componente7353.html]
[C:/Meus Sites/Fundamentos da Mecânica Clássica e Quântica/scorm.onilearning.com.br/conteudo/componente1c58.html]
[C:/Meus Sites/Fundamentos da Mecânica Clássica e Quântica/scorm.onilearning.com.br/conteudo/componente775f.html]
[C:/Meus Sites/Fundamentos da Mecânica Clássica e Quântica/scorm.onilearning.com.br/conteudo/locale/locale.html]
[C:/Meus Sites/Fundamentos da Mecânica Clássica e Quântica/scorm.onilearning.com.br/trilha/assets/pdf/build/pdf.js]
[C:/Meus Sites/Fundamentos da Mecânica Clássica e Quântica/scorm.onilearning.com.br/trilha/assets/pdf/web/viewer.css]
[C:/Meus Sites/Fundamentos da Mecânica Clássica e Quântica/scorm.onilearning.com.br/conteudo/chatpdf/audioQuestion92bd.html]
[C:/Meus Sites/Fundamentos da Mecânica Clássica e Quântica/scorm.onilearning.com.br/conteudo/componente7705.html]
[C:/Meus Sites/Fundamentos da Mecânica Clássica e Quântica/scorm.onilearning.com.br/conteudo/componentecb04.html]
[C:/Meus Sites/Fundamentos da Mecânica Clássica e Quântica/scorm.onilearning.com.br/conteudo/componente38a6.html]
