[C:/Users/Admin/Desktop/5-Mecânica Técnica/backblue.gif]
[C:/Users/Admin/Desktop/5-Mecânica Técnica/fade.gif]
[C:/Users/Admin/Desktop/5-Mecânica Técnica/index.html]
[C:/Users/Admin/Desktop/5-Mecânica Técnica/scorm.onilearning.com.br/conteudo/assets/img/ONIfavicon-96x96.png]
[C:/Users/Admin/Desktop/5-Mecânica Técnica/scorm.onilearning.com.br/conteudo/assets/css/novaTrilha.css]
[C:/Users/Admin/Desktop/5-Mecânica Técnica/scorm.onilearning.com.br/conteudo/assets/js/acess_scripts.js]
[C:/Users/Admin/Desktop/5-Mecânica Técnica/cdn.jsdelivr.net/npm/@phosphor-icons/web@2.1.1/src/regular/style.css]
[C:/Users/Admin/Desktop/5-Mecânica Técnica/cdn.jsdelivr.net/npm/@phosphor-icons/web@2.1.1/src/bold/style.css]
[C:/Users/Admin/Desktop/5-Mecânica Técnica/cdn.jsdelivr.net/npm/@phosphor-icons/web@2.1.1/src/fill/style.css]
[C:/Users/Admin/Desktop/5-Mecânica Técnica/oni360.com.br/externo/onicreative/template/3/dist/hls.js]
[C:/Users/Admin/Desktop/5-Mecânica Técnica/scorm.onilearning.com.br/conteudo/assets/img/iconografia/modelo-3/icone-1.png]
[C:/Users/Admin/Desktop/5-Mecânica Técnica/scorm.onilearning.com.br/conteudo/assets/img/iconografia/modelo-3/icone-2.png]
[C:/Users/Admin/Desktop/5-Mecânica Técnica/scorm.onilearning.com.br/conteudo/assets/img/iconografia/modelo-3/icone-3.png]
[C:/Users/Admin/Desktop/5-Mecânica Técnica/scorm.onilearning.com.br/conteudo/assets/img/iconografia/modelo-3/icone-4.png]
[C:/Users/Admin/Desktop/5-Mecânica Técnica/scorm.onilearning.com.br/conteudo/assets/img/iconografia/modelo-3/icone-5.png]
[C:/Users/Admin/Desktop/5-Mecânica Técnica/scorm.onilearning.com.br/conteudo/assets/img/iconografia/modelo-3/icone-6.png]
[C:/Users/Admin/Desktop/5-Mecânica Técnica/scorm.onilearning.com.br/conteudo/assets/img/iconografia/modelo-3/icone-7.png]
[C:/Users/Admin/Desktop/5-Mecânica Técnica/scorm.onilearning.com.br/conteudo/assets/img/iconografia/modelo-3/icone-8.png]
[C:/Users/Admin/Desktop/5-Mecânica Técnica/scorm.onilearning.com.br/conteudo/assets/img/iconografia/modelo-3/icone-9.png]
[C:/Users/Admin/Desktop/5-Mecânica Técnica/scorm.onilearning.com.br/conteudo/assets/img/iconografia/modelo-3/icone-10.png]
[C:/Users/Admin/Desktop/5-Mecânica Técnica/scorm.onilearning.com.br/conteudo/assets/img/iconografia/modelo-3/icone-11.png]
[C:/Users/Admin/Desktop/5-Mecânica Técnica/scorm.onilearning.com.br/conteudo/assets/img/iconografia/modelo-3/icone-12.png]
[C:/Users/Admin/Desktop/5-Mecânica Técnica/scorm.onilearning.com.br/conteudo/ebook0334.pdf]
[C:/Users/Admin/Desktop/5-Mecânica Técnica/scorm.onilearning.com.br/conteudo/assets/img/lang_ES.svg]
[C:/Users/Admin/Desktop/5-Mecânica Técnica/scorm.onilearning.com.br/conteudo/arquivo-pdf2acf.pdf]
[C:/Users/Admin/Desktop/5-Mecânica Técnica/scorm.onilearning.com.br/conteudo/componente7e85.html]
[C:/Users/Admin/Desktop/5-Mecânica Técnica/scorm.onilearning.com.br/conteudo/ebookaeea.pdf]
[C:/Users/Admin/Desktop/5-Mecânica Técnica/scorm.onilearning.com.br/conteudo/arquivo-pdfa3d6.pdf]
[C:/Users/Admin/Desktop/5-Mecânica Técnica/scorm.onilearning.com.br/conteudo/componente65ca.html]
[C:/Users/Admin/Desktop/5-Mecânica Técnica/scorm.onilearning.com.br/conteudo/componentebfc9.html]
[C:/Users/Admin/Desktop/5-Mecânica Técnica/scorm.onilearning.com.br/conteudo/ebook1a86.pdf]
[C:/Users/Admin/Desktop/5-Mecânica Técnica/scorm.onilearning.com.br/conteudo/arquivo-pdf84a9.pdf]
[C:/Users/Admin/Desktop/5-Mecânica Técnica/scorm.onilearning.com.br/conteudo/componente406e.html]
[C:/Users/Admin/Desktop/5-Mecânica Técnica/scorm.onilearning.com.br/conteudo/assets/css/reset.css]
[C:/Users/Admin/Desktop/5-Mecânica Técnica/scorm.onilearning.com.br/conteudo/assets/css/novaTrilha.css]
[C:/Users/Admin/Desktop/5-Mecânica Técnica/cdnjs.cloudflare.com/ajax/libs/jquery/3.6.4/jquery.min.js]
[C:/Users/Admin/Desktop/5-Mecânica Técnica/scorm.onilearning.com.br/conteudo/assets/css/acess_contrast.css]
[C:/Users/Admin/Desktop/5-Mecânica Técnica/scorm.onilearning.com.br/conteudo/assets/css/acess_bar.css]
[C:/Users/Admin/Desktop/5-Mecânica Técnica/cdn.jsdelivr.net/npm/@phosphor-icons/web@2.1.1/src/regular/style.css]
[C:/Users/Admin/Desktop/5-Mecânica Técnica/cdn.jsdelivr.net/npm/@phosphor-icons/web@2.1.1/src/bold/style.css]
[C:/Users/Admin/Desktop/5-Mecânica Técnica/cdn.jsdelivr.net/npm/@phosphor-icons/web@2.1.1/src/fill/style.css]
[C:/Users/Admin/Desktop/5-Mecânica Técnica/scorm.onilearning.com.br/conteudo/assets/js/novaTrilha.js]
[C:/Users/Admin/Desktop/5-Mecânica Técnica/scorm.onilearning.com.br/conteudo/novo_scorm/scorm-padrao/padrao/css/materialize.min.css]
[C:/Users/Admin/Desktop/5-Mecânica Técnica/scorm.onilearning.com.br/conteudo/novo_scorm/scorm-padrao/padrao/css/main.css]
[C:/Users/Admin/Desktop/5-Mecânica Técnica/scorm.onilearning.com.br/conteudo/novo_scorm/scorm-padrao/padrao/css/bootstrap-grid.min.css]
[C:/Users/Admin/Desktop/5-Mecânica Técnica/cdn.jsdelivr.net/npm/uikit@3.16.15/dist/css/uikit.min.css]
[C:/Users/Admin/Desktop/5-Mecânica Técnica/api-externa360.onilearning.com.br/exemplo-mapa.jpg]
[C:/Users/Admin/Desktop/5-Mecânica Técnica/cdn.jsdelivr.net/npm/bootstrap-icons@1.11.3/font/bootstrap-icons.css]
[C:/Users/Admin/Desktop/5-Mecânica Técnica/scorm.onilearning.com.br/conteudo/novo_scorm/scorm-padrao/padrao/images/banner-trilha.jpg]
[C:/Users/Admin/Desktop/5-Mecânica Técnica/cdn.jsdelivr.net/npm/uikit@3.16.15/dist/js/uikit-icons.min.js]
[C:/Users/Admin/Desktop/5-Mecânica Técnica/scorm.onilearning.com.br/conteudo/novo_scorm/scorm-padrao/padrao/js/main.js]
[C:/Users/Admin/Desktop/5-Mecânica Técnica/scorm.onilearning.com.br/conteudo/componentef45d.html]
[C:/Users/Admin/Desktop/5-Mecânica Técnica/scorm.onilearning.com.br/conteudo/assets/img/pdf.svg]
[C:/Users/Admin/Desktop/5-Mecânica Técnica/scorm.onilearning.com.br/conteudo/assets/img/lang_BR.svg]
[C:/Users/Admin/Desktop/5-Mecânica Técnica/scorm.onilearning.com.br/conteudo/assets/img/lang_US.svg]
[C:/Users/Admin/Desktop/5-Mecânica Técnica/scorm.onilearning.com.br/conteudo/assets/img/lang_ES.svg]
[C:/Users/Admin/Desktop/5-Mecânica Técnica/plugin.handtalk.me/web/latest/handtalk.min.js]
[C:/Users/Admin/Desktop/5-Mecânica Técnica/scorm.onilearning.com.br/conteudo/chatpdf/HISTORICO.pdf]
[C:/Users/Admin/Desktop/5-Mecânica Técnica/scorm.onilearning.com.br/conteudo/chat_pdf_onitutor.html]
[C:/Users/Admin/Desktop/5-Mecânica Técnica/scorm.onilearning.com.br/conteudo/POST.html]
[C:/Users/Admin/Desktop/5-Mecânica Técnica/scorm.onilearning.com.br/conteudo/chatpdf/FunPerguntapdf.html]
[C:/Users/Admin/Desktop/5-Mecânica Técnica/scorm.onilearning.com.br/conteudo/chatpdf/carregarConversas.html]
[C:/Users/Admin/Desktop/5-Mecânica Técnica/scorm.onilearning.com.br/conteudo/scripts.html]
[C:/Users/Admin/Desktop/5-Mecânica Técnica/scorm.onilearning.com.br/conteudo/componentee8dd.html]
[C:/Users/Admin/Desktop/5-Mecânica Técnica/scorm.onilearning.com.br/conteudo/componentec265.html]
[C:/Users/Admin/Desktop/5-Mecânica Técnica/scorm.onilearning.com.br/conteudo/componente7417.html]
[C:/Users/Admin/Desktop/5-Mecânica Técnica/scorm.onilearning.com.br/conteudo/novo_scorm/scorm-padrao/padrao/css/materialize.min.css]
[C:/Users/Admin/Desktop/5-Mecânica Técnica/scorm.onilearning.com.br/conteudo/novo_scorm/scorm-padrao/padrao/contents/background_computador2.jpg]
[C:/Users/Admin/Desktop/5-Mecânica Técnica/scorm.onilearning.com.br/conteudo/novo_scorm/scorm-padrao/padrao/css/main.css]
[C:/Users/Admin/Desktop/5-Mecânica Técnica/scorm.onilearning.com.br/conteudo/novo_scorm/scorm-padrao/padrao/css/bootstrap-grid.min.css]
[C:/Users/Admin/Desktop/5-Mecânica Técnica/cdn.jsdelivr.net/npm/uikit@3.16.15/dist/css/uikit.min.css]
[C:/Users/Admin/Desktop/5-Mecânica Técnica/scorm.onilearning.com.br/conteudo/componentecc42.html]
[C:/Users/Admin/Desktop/5-Mecânica Técnica/scorm.onilearning.com.br/conteudo/slidea083.pdf]
[C:/Users/Admin/Desktop/5-Mecânica Técnica/scorm.onilearning.com.br/trilha/assets/pdf/web/viewer.css]
[C:/Users/Admin/Desktop/5-Mecânica Técnica/scorm.onilearning.com.br/conteudo/componente7dbe.html]
[C:/Users/Admin/Desktop/5-Mecânica Técnica/scorm.onilearning.com.br/trilha/assets/pdf/web/viewer.js]
[C:/Users/Admin/Desktop/5-Mecânica Técnica/scorm.onilearning.com.br/conteudo/slided47c.pdf]
[C:/Users/Admin/Desktop/5-Mecânica Técnica/scorm.onilearning.com.br/conteudo/componente7c86.html]
[C:/Users/Admin/Desktop/5-Mecânica Técnica/scorm.onilearning.com.br/conteudo/componente83e9.html]
[C:/Users/Admin/Desktop/5-Mecânica Técnica/scorm.onilearning.com.br/conteudo/componente3c08.html]
[C:/Users/Admin/Desktop/5-Mecânica Técnica/cdn.jsdelivr.net/npm/bootstrap-icons@1.11.3/font/bootstrap-icons.css]
[C:/Users/Admin/Desktop/5-Mecânica Técnica/code.jquery.com/jquery-3.2.1.min.js]
[C:/Users/Admin/Desktop/5-Mecânica Técnica/cdn.jsdelivr.net/npm/uikit@3.16.15/dist/js/uikit.min.js]
[C:/Users/Admin/Desktop/5-Mecânica Técnica/cdnjs.cloudflare.com/ajax/libs/jspdf/2.4.0/jspdf.umd.min.js]
[C:/Users/Admin/Desktop/5-Mecânica Técnica/cdnjs.cloudflare.com/ajax/libs/html2pdf.js/0.10.1/html2pdf.bundle.min.js]
[C:/Users/Admin/Desktop/5-Mecânica Técnica/scorm.onilearning.com.br/conteudo/novo_scorm/scorm-padrao/padrao/js/bootstrap.min.js]
[C:/Users/Admin/Desktop/5-Mecânica Técnica/scorm.onilearning.com.br/conteudo/componentee324.html]
[C:/Users/Admin/Desktop/5-Mecânica Técnica/scorm.onilearning.com.br/conteudo/slidef41b.pdf]
[C:/Users/Admin/Desktop/5-Mecânica Técnica/scorm.onilearning.com.br/conteudo/componentec0c4.html]
[C:/Users/Admin/Desktop/5-Mecânica Técnica/scorm.onilearning.com.br/conteudo/slidebdbf.pdf]
[C:/Users/Admin/Desktop/5-Mecânica Técnica/scorm.onilearning.com.br/conteudo/componenteed8b.html]
[C:/Users/Admin/Desktop/5-Mecânica Técnica/scorm.onilearning.com.br/conteudo/componente7c12.html]
[C:/Users/Admin/Desktop/5-Mecânica Técnica/scorm.onilearning.com.br/conteudo/componentea4ea.html]
[C:/Users/Admin/Desktop/5-Mecânica Técnica/scorm.onilearning.com.br/conteudo/componente339d.html]
[C:/Users/Admin/Desktop/5-Mecânica Técnica/scorm.onilearning.com.br/conteudo/componente59a7.html]
[C:/Users/Admin/Desktop/5-Mecânica Técnica/scorm.onilearning.com.br/conteudo/componentec4aa.html]
[C:/Users/Admin/Desktop/5-Mecânica Técnica/scorm.onilearning.com.br/conteudo/componentef898.html]
[C:/Users/Admin/Desktop/5-Mecânica Técnica/scorm.onilearning.com.br/conteudo/componente8f2c.html]
[C:/Users/Admin/Desktop/5-Mecânica Técnica/scorm.onilearning.com.br/conteudo/componente3057.html]
[C:/Users/Admin/Desktop/5-Mecânica Técnica/scorm.onilearning.com.br/conteudo/slide8142.pdf]
[C:/Users/Admin/Desktop/5-Mecânica Técnica/scorm.onilearning.com.br/conteudo/componente4152.html]
[C:/Users/Admin/Desktop/5-Mecânica Técnica/scorm.onilearning.com.br/conteudo/slidec5de.pdf]
[C:/Users/Admin/Desktop/5-Mecânica Técnica/scorm.onilearning.com.br/conteudo/componentef7ca.html]
[C:/Users/Admin/Desktop/5-Mecânica Técnica/scorm.onilearning.com.br/conteudo/componentefe44.html]
[C:/Users/Admin/Desktop/5-Mecânica Técnica/scorm.onilearning.com.br/conteudo/componenteb7c0.html]
[C:/Users/Admin/Desktop/5-Mecânica Técnica/scorm.onilearning.com.br/conteudo/componentec305.html]
[C:/Users/Admin/Desktop/5-Mecânica Técnica/scorm.onilearning.com.br/conteudo/componentedda8.html]
[C:/Users/Admin/Desktop/5-Mecânica Técnica/scorm.onilearning.com.br/conteudo/locale/locale.html]
[C:/Users/Admin/Desktop/5-Mecânica Técnica/scorm.onilearning.com.br/trilha/assets/pdf/build/pdf.js]
[C:/Users/Admin/Desktop/5-Mecânica Técnica/scorm.onilearning.com.br/trilha/assets/pdf/web/viewer.css]
[C:/Users/Admin/Desktop/5-Mecânica Técnica/scorm.onilearning.com.br/conteudo/chatpdf/audioQuestion92bd.html]
[C:/Users/Admin/Desktop/5-Mecânica Técnica/scorm.onilearning.com.br/conteudo/componente6baf.html]
[C:/Users/Admin/Desktop/5-Mecânica Técnica/scorm.onilearning.com.br/conteudo/componentea874.html]
[C:/Users/Admin/Desktop/5-Mecânica Técnica/scorm.onilearning.com.br/conteudo/dist/hls.js]
[C:/Users/Admin/Desktop/5-Mecânica Técnica/scorm.onilearning.com.br/conteudo/componente06cd.html]
