[C:/Meus Sites/Instalações Elétricas de Média e Alta Tensão/backblue.gif]
[C:/Meus Sites/Instalações Elétricas de Média e Alta Tensão/fade.gif]
[C:/Meus Sites/Instalações Elétricas de Média e Alta Tensão/index.html]
[C:/Meus Sites/Instalações Elétricas de Média e Alta Tensão/scorm.onilearning.com.br/conteudo/assets/img/ONIfavicon-96x96.png]
[C:/Meus Sites/Instalações Elétricas de Média e Alta Tensão/scorm.onilearning.com.br/conteudo/assets/css/novaTrilha.css]
[C:/Meus Sites/Instalações Elétricas de Média e Alta Tensão/scorm.onilearning.com.br/conteudo/assets/js/acess_scripts.js]
[C:/Meus Sites/Instalações Elétricas de Média e Alta Tensão/cdn.jsdelivr.net/npm/@phosphor-icons/web@2.1.1/src/regular/style.css]
[C:/Meus Sites/Instalações Elétricas de Média e Alta Tensão/cdn.jsdelivr.net/npm/@phosphor-icons/web@2.1.1/src/bold/style.css]
[C:/Meus Sites/Instalações Elétricas de Média e Alta Tensão/cdn.jsdelivr.net/npm/@phosphor-icons/web@2.1.1/src/fill/style.css]
[C:/Meus Sites/Instalações Elétricas de Média e Alta Tensão/oni360.com.br/externo/onicreative/template/3/dist/hls.js]
[C:/Meus Sites/Instalações Elétricas de Média e Alta Tensão/scorm.onilearning.com.br/conteudo/assets/img/iconografia/modelo-3/icone-1.png]
[C:/Meus Sites/Instalações Elétricas de Média e Alta Tensão/scorm.onilearning.com.br/conteudo/assets/img/iconografia/modelo-3/icone-2.png]
[C:/Meus Sites/Instalações Elétricas de Média e Alta Tensão/scorm.onilearning.com.br/conteudo/assets/img/iconografia/modelo-3/icone-3.png]
[C:/Meus Sites/Instalações Elétricas de Média e Alta Tensão/scorm.onilearning.com.br/conteudo/assets/img/iconografia/modelo-3/icone-4.png]
[C:/Meus Sites/Instalações Elétricas de Média e Alta Tensão/scorm.onilearning.com.br/conteudo/assets/img/iconografia/modelo-3/icone-5.png]
[C:/Meus Sites/Instalações Elétricas de Média e Alta Tensão/scorm.onilearning.com.br/conteudo/assets/img/iconografia/modelo-3/icone-6.png]
[C:/Meus Sites/Instalações Elétricas de Média e Alta Tensão/scorm.onilearning.com.br/conteudo/assets/img/iconografia/modelo-3/icone-7.png]
[C:/Meus Sites/Instalações Elétricas de Média e Alta Tensão/scorm.onilearning.com.br/conteudo/assets/img/iconografia/modelo-3/icone-8.png]
[C:/Meus Sites/Instalações Elétricas de Média e Alta Tensão/scorm.onilearning.com.br/conteudo/assets/img/iconografia/modelo-3/icone-9.png]
[C:/Meus Sites/Instalações Elétricas de Média e Alta Tensão/scorm.onilearning.com.br/conteudo/assets/img/iconografia/modelo-3/icone-10.png]
[C:/Meus Sites/Instalações Elétricas de Média e Alta Tensão/scorm.onilearning.com.br/conteudo/assets/img/iconografia/modelo-3/icone-11.png]
[C:/Meus Sites/Instalações Elétricas de Média e Alta Tensão/scorm.onilearning.com.br/conteudo/assets/img/iconografia/modelo-3/icone-12.png]
[C:/Meus Sites/Instalações Elétricas de Média e Alta Tensão/scorm.onilearning.com.br/conteudo/ebook5938.pdf]
[C:/Meus Sites/Instalações Elétricas de Média e Alta Tensão/scorm.onilearning.com.br/conteudo/componente3333.html]
[C:/Meus Sites/Instalações Elétricas de Média e Alta Tensão/scorm.onilearning.com.br/conteudo/ebook3eab.pdf]
[C:/Meus Sites/Instalações Elétricas de Média e Alta Tensão/scorm.onilearning.com.br/conteudo/componente8197.html]
[C:/Meus Sites/Instalações Elétricas de Média e Alta Tensão/scorm.onilearning.com.br/conteudo/ebook32ff.pdf]
[C:/Meus Sites/Instalações Elétricas de Média e Alta Tensão/scorm.onilearning.com.br/conteudo/componente09df.html]
[C:/Meus Sites/Instalações Elétricas de Média e Alta Tensão/scorm.onilearning.com.br/conteudo/ebooka1ac.pdf]
[C:/Meus Sites/Instalações Elétricas de Média e Alta Tensão/scorm.onilearning.com.br/conteudo/componentebecd.html]
[C:/Meus Sites/Instalações Elétricas de Média e Alta Tensão/scorm.onilearning.com.br/conteudo/assets/css/reset.css]
[C:/Meus Sites/Instalações Elétricas de Média e Alta Tensão/scorm.onilearning.com.br/conteudo/assets/css/novaTrilha.css]
[C:/Meus Sites/Instalações Elétricas de Média e Alta Tensão/cdnjs.cloudflare.com/ajax/libs/jquery/3.6.4/jquery.min.js]
[C:/Meus Sites/Instalações Elétricas de Média e Alta Tensão/scorm.onilearning.com.br/conteudo/assets/css/acess_contrast.css]
[C:/Meus Sites/Instalações Elétricas de Média e Alta Tensão/scorm.onilearning.com.br/conteudo/assets/css/acess_bar.css]
[C:/Meus Sites/Instalações Elétricas de Média e Alta Tensão/cdn.jsdelivr.net/npm/@phosphor-icons/web@2.1.1/src/regular/style.css]
[C:/Meus Sites/Instalações Elétricas de Média e Alta Tensão/cdn.jsdelivr.net/npm/@phosphor-icons/web@2.1.1/src/bold/style.css]
[C:/Meus Sites/Instalações Elétricas de Média e Alta Tensão/cdn.jsdelivr.net/npm/@phosphor-icons/web@2.1.1/src/fill/style.css]
[C:/Meus Sites/Instalações Elétricas de Média e Alta Tensão/scorm.onilearning.com.br/conteudo/assets/js/novaTrilha.js]
[C:/Meus Sites/Instalações Elétricas de Média e Alta Tensão/scorm.onilearning.com.br/conteudo/novo_scorm/scorm-padrao/padrao/css/materialize.min.css]
[C:/Meus Sites/Instalações Elétricas de Média e Alta Tensão/scorm.onilearning.com.br/conteudo/novo_scorm/scorm-padrao/padrao/css/main.css]
[C:/Meus Sites/Instalações Elétricas de Média e Alta Tensão/scorm.onilearning.com.br/conteudo/novo_scorm/scorm-padrao/padrao/css/bootstrap-grid.min.css]
[C:/Meus Sites/Instalações Elétricas de Média e Alta Tensão/cdn.jsdelivr.net/npm/uikit@3.16.15/dist/css/uikit.min.css]
[C:/Meus Sites/Instalações Elétricas de Média e Alta Tensão/api-externa360.onilearning.com.br/exemplo-mapa.jpg]
[C:/Meus Sites/Instalações Elétricas de Média e Alta Tensão/cdn.jsdelivr.net/npm/bootstrap-icons@1.11.3/font/bootstrap-icons.css]
[C:/Meus Sites/Instalações Elétricas de Média e Alta Tensão/scorm.onilearning.com.br/conteudo/novo_scorm/scorm-padrao/padrao/images/banner-trilha.jpg]
[C:/Meus Sites/Instalações Elétricas de Média e Alta Tensão/cdn.jsdelivr.net/npm/uikit@3.16.15/dist/js/uikit-icons.min.js]
[C:/Meus Sites/Instalações Elétricas de Média e Alta Tensão/scorm.onilearning.com.br/conteudo/novo_scorm/scorm-padrao/padrao/js/main.js]
[C:/Meus Sites/Instalações Elétricas de Média e Alta Tensão/scorm.onilearning.com.br/conteudo/componente9401.html]
[C:/Meus Sites/Instalações Elétricas de Média e Alta Tensão/scorm.onilearning.com.br/conteudo/assets/img/pdf.svg]
[C:/Meus Sites/Instalações Elétricas de Média e Alta Tensão/scorm.onilearning.com.br/conteudo/assets/img/lang_BR.svg]
[C:/Meus Sites/Instalações Elétricas de Média e Alta Tensão/scorm.onilearning.com.br/conteudo/assets/img/lang_US.svg]
[C:/Meus Sites/Instalações Elétricas de Média e Alta Tensão/scorm.onilearning.com.br/conteudo/assets/img/lang_ES.svg]
[C:/Meus Sites/Instalações Elétricas de Média e Alta Tensão/cdn.jsdelivr.net/npm/@phosphor-icons/web@2.1.1/src/duotone/style.css]
[C:/Meus Sites/Instalações Elétricas de Média e Alta Tensão/plugin.handtalk.me/web/latest/handtalk.min.js]
[C:/Meus Sites/Instalações Elétricas de Média e Alta Tensão/scorm.onilearning.com.br/conteudo/chat_pdf_onitutor_moni.html]
[C:/Meus Sites/Instalações Elétricas de Média e Alta Tensão/scorm.onilearning.com.br/conteudo/chatpdf/moni_onepage.html]
[C:/Meus Sites/Instalações Elétricas de Média e Alta Tensão/scorm.onilearning.com.br/conteudo/POST.html]
[C:/Meus Sites/Instalações Elétricas de Média e Alta Tensão/scorm.onilearning.com.br/conteudo/chatpdf/audioQuestion_moni92bd.json]
[C:/Meus Sites/Instalações Elétricas de Média e Alta Tensão/scorm.onilearning.com.br/conteudo/audio.html]
[C:/Meus Sites/Instalações Elétricas de Média e Alta Tensão/scorm.onilearning.com.br/conteudo/scripts.html]
[C:/Meus Sites/Instalações Elétricas de Média e Alta Tensão/scorm.onilearning.com.br/conteudo/componenteb5e8.html]
[C:/Meus Sites/Instalações Elétricas de Média e Alta Tensão/scorm.onilearning.com.br/conteudo/componente3375.html]
[C:/Meus Sites/Instalações Elétricas de Média e Alta Tensão/scorm.onilearning.com.br/conteudo/componente211c.html]
[C:/Meus Sites/Instalações Elétricas de Média e Alta Tensão/scorm.onilearning.com.br/conteudo/novo_scorm/scorm-padrao/padrao/css/materialize.min.css]
[C:/Meus Sites/Instalações Elétricas de Média e Alta Tensão/scorm.onilearning.com.br/conteudo/novo_scorm/scorm-padrao/padrao/contents/background_computador2.jpg]
[C:/Meus Sites/Instalações Elétricas de Média e Alta Tensão/scorm.onilearning.com.br/conteudo/novo_scorm/scorm-padrao/padrao/css/main.css]
[C:/Meus Sites/Instalações Elétricas de Média e Alta Tensão/scorm.onilearning.com.br/conteudo/novo_scorm/scorm-padrao/padrao/css/bootstrap-grid.min.css]
[C:/Meus Sites/Instalações Elétricas de Média e Alta Tensão/cdn.jsdelivr.net/npm/uikit@3.16.15/dist/css/uikit.min.css]
[C:/Meus Sites/Instalações Elétricas de Média e Alta Tensão/scorm.onilearning.com.br/conteudo/componentee61e.html]
[C:/Meus Sites/Instalações Elétricas de Média e Alta Tensão/scorm.onilearning.com.br/conteudo/slide95b6.pdf]
[C:/Meus Sites/Instalações Elétricas de Média e Alta Tensão/scorm.onilearning.com.br/trilha/assets/pdf/web/viewer.css]
[C:/Meus Sites/Instalações Elétricas de Média e Alta Tensão/scorm.onilearning.com.br/conteudo/componente21f4.html]
[C:/Meus Sites/Instalações Elétricas de Média e Alta Tensão/scorm.onilearning.com.br/trilha/assets/pdf/web/viewer.js]
[C:/Meus Sites/Instalações Elétricas de Média e Alta Tensão/scorm.onilearning.com.br/conteudo/slide82cc.pdf]
[C:/Meus Sites/Instalações Elétricas de Média e Alta Tensão/scorm.onilearning.com.br/conteudo/componente46a3.html]
[C:/Meus Sites/Instalações Elétricas de Média e Alta Tensão/scorm.onilearning.com.br/conteudo/componenteeacd.html]
[C:/Meus Sites/Instalações Elétricas de Média e Alta Tensão/scorm.onilearning.com.br/conteudo/componentebd52.html]
[C:/Meus Sites/Instalações Elétricas de Média e Alta Tensão/cdn.jsdelivr.net/npm/bootstrap-icons@1.11.3/font/bootstrap-icons.css]
[C:/Meus Sites/Instalações Elétricas de Média e Alta Tensão/cdn.jsdelivr.net/npm/uikit@3.16.15/dist/js/uikit.min.js]
[C:/Meus Sites/Instalações Elétricas de Média e Alta Tensão/cdn.jsdelivr.net/npm/@phosphor-icons/web@2.1.1/src/duotone/style.css]
[C:/Meus Sites/Instalações Elétricas de Média e Alta Tensão/code.jquery.com/jquery-3.2.1.min.js]
[C:/Meus Sites/Instalações Elétricas de Média e Alta Tensão/cdnjs.cloudflare.com/ajax/libs/html2pdf.js/0.10.1/html2pdf.bundle.min.js]
[C:/Meus Sites/Instalações Elétricas de Média e Alta Tensão/cdnjs.cloudflare.com/ajax/libs/jspdf/2.4.0/jspdf.umd.min.js]
[C:/Meus Sites/Instalações Elétricas de Média e Alta Tensão/scorm.onilearning.com.br/conteudo/novo_scorm/scorm-padrao/padrao/js/bootstrap.min.js]
[C:/Meus Sites/Instalações Elétricas de Média e Alta Tensão/scorm.onilearning.com.br/conteudo/componentef195.html]
[C:/Meus Sites/Instalações Elétricas de Média e Alta Tensão/scorm.onilearning.com.br/conteudo/slide41e9.pdf]
[C:/Meus Sites/Instalações Elétricas de Média e Alta Tensão/scorm.onilearning.com.br/conteudo/componente5fd9.html]
[C:/Meus Sites/Instalações Elétricas de Média e Alta Tensão/scorm.onilearning.com.br/conteudo/slide3261.pdf]
[C:/Meus Sites/Instalações Elétricas de Média e Alta Tensão/scorm.onilearning.com.br/conteudo/componente597c.html]
[C:/Meus Sites/Instalações Elétricas de Média e Alta Tensão/scorm.onilearning.com.br/conteudo/componente11bc.html]
[C:/Meus Sites/Instalações Elétricas de Média e Alta Tensão/scorm.onilearning.com.br/conteudo/componente4b36.html]
[C:/Meus Sites/Instalações Elétricas de Média e Alta Tensão/scorm.onilearning.com.br/conteudo/componente2038.html]
[C:/Meus Sites/Instalações Elétricas de Média e Alta Tensão/scorm.onilearning.com.br/conteudo/slide4c54.pdf]
[C:/Meus Sites/Instalações Elétricas de Média e Alta Tensão/scorm.onilearning.com.br/conteudo/componented0e3.html]
[C:/Meus Sites/Instalações Elétricas de Média e Alta Tensão/scorm.onilearning.com.br/conteudo/slidecdbe.pdf]
[C:/Meus Sites/Instalações Elétricas de Média e Alta Tensão/scorm.onilearning.com.br/conteudo/componenteeaac.html]
[C:/Meus Sites/Instalações Elétricas de Média e Alta Tensão/scorm.onilearning.com.br/conteudo/componente2466.html]
[C:/Meus Sites/Instalações Elétricas de Média e Alta Tensão/scorm.onilearning.com.br/conteudo/componenteb5af.html]
[C:/Meus Sites/Instalações Elétricas de Média e Alta Tensão/scorm.onilearning.com.br/conteudo/componente22fa.html]
[C:/Meus Sites/Instalações Elétricas de Média e Alta Tensão/scorm.onilearning.com.br/conteudo/slide333e.pdf]
[C:/Meus Sites/Instalações Elétricas de Média e Alta Tensão/scorm.onilearning.com.br/conteudo/componenteb63c.html]
[C:/Meus Sites/Instalações Elétricas de Média e Alta Tensão/scorm.onilearning.com.br/conteudo/slide70b8.pdf]
[C:/Meus Sites/Instalações Elétricas de Média e Alta Tensão/scorm.onilearning.com.br/conteudo/componente2f64.html]
[C:/Meus Sites/Instalações Elétricas de Média e Alta Tensão/scorm.onilearning.com.br/conteudo/componente4cdc.html]
[C:/Meus Sites/Instalações Elétricas de Média e Alta Tensão/scorm.onilearning.com.br/conteudo/componentecb07.html]
[C:/Meus Sites/Instalações Elétricas de Média e Alta Tensão/scorm.onilearning.com.br/conteudo/componentea9d5.html]
[C:/Meus Sites/Instalações Elétricas de Média e Alta Tensão/scorm.onilearning.com.br/conteudo/componente5559.html]
[C:/Meus Sites/Instalações Elétricas de Média e Alta Tensão/scorm.onilearning.com.br/conteudo/locale/locale.html]
[C:/Meus Sites/Instalações Elétricas de Média e Alta Tensão/scorm.onilearning.com.br/trilha/assets/pdf/build/pdf.js]
[C:/Meus Sites/Instalações Elétricas de Média e Alta Tensão/scorm.onilearning.com.br/trilha/assets/pdf/web/viewer.css]
[C:/Meus Sites/Instalações Elétricas de Média e Alta Tensão/scorm.onilearning.com.br/conteudo/dist/hls.js]
[C:/Meus Sites/Instalações Elétricas de Média e Alta Tensão/scorm.onilearning.com.br/conteudo/componented94c.html]
[C:/Meus Sites/Instalações Elétricas de Média e Alta Tensão/scorm.onilearning.com.br/conteudo/componente0f62.html]
[C:/Meus Sites/Instalações Elétricas de Média e Alta Tensão/scorm.onilearning.com.br/conteudo/componenteac9d.html]
[C:/Meus Sites/Instalações Elétricas de Média e Alta Tensão/scorm.onilearning.com.br/conteudo/chatpdf/baixarConversaMoni.html]
