[C:/Meus Sites/Comandos Eletroeletrônicos/backblue.gif]
[C:/Meus Sites/Comandos Eletroeletrônicos/fade.gif]
[C:/Meus Sites/Comandos Eletroeletrônicos/index.html]
[C:/Meus Sites/Comandos Eletroeletrônicos/scorm.onilearning.com.br/conteudo/assets/img/ONIfavicon-96x96.png]
[C:/Meus Sites/Comandos Eletroeletrônicos/scorm.onilearning.com.br/conteudo/assets/css/novaTrilha.css]
[C:/Meus Sites/Comandos Eletroeletrônicos/scorm.onilearning.com.br/conteudo/assets/js/acess_scripts.js]
[C:/Meus Sites/Comandos Eletroeletrônicos/cdn.jsdelivr.net/npm/@phosphor-icons/web@2.1.1/src/regular/style.css]
[C:/Meus Sites/Comandos Eletroeletrônicos/cdn.jsdelivr.net/npm/@phosphor-icons/web@2.1.1/src/bold/style.css]
[C:/Meus Sites/Comandos Eletroeletrônicos/cdn.jsdelivr.net/npm/@phosphor-icons/web@2.1.1/src/fill/style.css]
[C:/Meus Sites/Comandos Eletroeletrônicos/oni360.com.br/externo/onicreative/template/3/dist/hls.js]
[C:/Meus Sites/Comandos Eletroeletrônicos/scorm.onilearning.com.br/conteudo/assets/img/iconografia/modelo-2/icone-1.png]
[C:/Meus Sites/Comandos Eletroeletrônicos/scorm.onilearning.com.br/conteudo/assets/img/iconografia/modelo-2/icone-2.png]
[C:/Meus Sites/Comandos Eletroeletrônicos/scorm.onilearning.com.br/conteudo/assets/img/iconografia/modelo-2/icone-3.png]
[C:/Meus Sites/Comandos Eletroeletrônicos/scorm.onilearning.com.br/conteudo/assets/img/iconografia/modelo-2/icone-4.png]
[C:/Meus Sites/Comandos Eletroeletrônicos/scorm.onilearning.com.br/conteudo/assets/img/iconografia/modelo-2/icone-5.png]
[C:/Meus Sites/Comandos Eletroeletrônicos/scorm.onilearning.com.br/conteudo/assets/img/iconografia/modelo-2/icone-6.png]
[C:/Meus Sites/Comandos Eletroeletrônicos/scorm.onilearning.com.br/conteudo/assets/img/iconografia/modelo-2/icone-7.png]
[C:/Meus Sites/Comandos Eletroeletrônicos/scorm.onilearning.com.br/conteudo/assets/img/iconografia/modelo-2/icone-8.png]
[C:/Meus Sites/Comandos Eletroeletrônicos/scorm.onilearning.com.br/conteudo/assets/img/iconografia/modelo-2/icone-9.png]
[C:/Meus Sites/Comandos Eletroeletrônicos/scorm.onilearning.com.br/conteudo/assets/img/iconografia/modelo-2/icone-10.png]
[C:/Meus Sites/Comandos Eletroeletrônicos/scorm.onilearning.com.br/conteudo/assets/img/iconografia/modelo-2/icone-11.png]
[C:/Meus Sites/Comandos Eletroeletrônicos/scorm.onilearning.com.br/conteudo/assets/img/iconografia/modelo-2/icone-12.png]
[C:/Meus Sites/Comandos Eletroeletrônicos/scorm.onilearning.com.br/conteudo/ebook490d.pdf]
[C:/Meus Sites/Comandos Eletroeletrônicos/scorm.onilearning.com.br/conteudo/assets/img/lang_ES.svg]
[C:/Meus Sites/Comandos Eletroeletrônicos/scorm.onilearning.com.br/conteudo/arquivo-pdf83a5.pdf]
[C:/Meus Sites/Comandos Eletroeletrônicos/scorm.onilearning.com.br/conteudo/componentec2c7.html]
[C:/Meus Sites/Comandos Eletroeletrônicos/scorm.onilearning.com.br/conteudo/ebook4867.pdf]
[C:/Meus Sites/Comandos Eletroeletrônicos/scorm.onilearning.com.br/conteudo/arquivo-pdf33e9.pdf]
[C:/Meus Sites/Comandos Eletroeletrônicos/scorm.onilearning.com.br/conteudo/componentec008.html]
[C:/Meus Sites/Comandos Eletroeletrônicos/scorm.onilearning.com.br/conteudo/ebook9070.pdf]
[C:/Meus Sites/Comandos Eletroeletrônicos/scorm.onilearning.com.br/conteudo/arquivo-pdfce4f.pdf]
[C:/Meus Sites/Comandos Eletroeletrônicos/scorm.onilearning.com.br/conteudo/componente6220.html]
[C:/Meus Sites/Comandos Eletroeletrônicos/scorm.onilearning.com.br/conteudo/ebookb99f.pdf]
[C:/Meus Sites/Comandos Eletroeletrônicos/scorm.onilearning.com.br/conteudo/arquivo-pdf6ab5.pdf]
[C:/Meus Sites/Comandos Eletroeletrônicos/scorm.onilearning.com.br/conteudo/componente1874.html]
[C:/Meus Sites/Comandos Eletroeletrônicos/scorm.onilearning.com.br/conteudo/assets/css/reset.css]
[C:/Meus Sites/Comandos Eletroeletrônicos/scorm.onilearning.com.br/conteudo/assets/css/novaTrilha.css]
[C:/Meus Sites/Comandos Eletroeletrônicos/cdnjs.cloudflare.com/ajax/libs/jquery/3.6.4/jquery.min.js]
[C:/Meus Sites/Comandos Eletroeletrônicos/scorm.onilearning.com.br/conteudo/assets/css/acess_contrast.css]
[C:/Meus Sites/Comandos Eletroeletrônicos/scorm.onilearning.com.br/conteudo/assets/css/acess_bar.css]
[C:/Meus Sites/Comandos Eletroeletrônicos/cdn.jsdelivr.net/npm/@phosphor-icons/web@2.1.1/src/regular/style.css]
[C:/Meus Sites/Comandos Eletroeletrônicos/cdn.jsdelivr.net/npm/@phosphor-icons/web@2.1.1/src/bold/style.css]
[C:/Meus Sites/Comandos Eletroeletrônicos/cdn.jsdelivr.net/npm/@phosphor-icons/web@2.1.1/src/fill/style.css]
[C:/Meus Sites/Comandos Eletroeletrônicos/scorm.onilearning.com.br/conteudo/assets/js/novaTrilha.js]
[C:/Meus Sites/Comandos Eletroeletrônicos/scorm.onilearning.com.br/conteudo/novo_scorm/scorm-padrao/padrao/css/materialize.min.css]
[C:/Meus Sites/Comandos Eletroeletrônicos/scorm.onilearning.com.br/conteudo/novo_scorm/scorm-padrao/padrao/css/main.css]
[C:/Meus Sites/Comandos Eletroeletrônicos/scorm.onilearning.com.br/conteudo/novo_scorm/scorm-padrao/padrao/css/bootstrap-grid.min.css]
[C:/Meus Sites/Comandos Eletroeletrônicos/cdn.jsdelivr.net/npm/uikit@3.16.15/dist/css/uikit.min.css]
[C:/Meus Sites/Comandos Eletroeletrônicos/api-externa360.onilearning.com.br/exemplo-mapa.jpg]
[C:/Meus Sites/Comandos Eletroeletrônicos/cdn.jsdelivr.net/npm/bootstrap-icons@1.11.3/font/bootstrap-icons.css]
[C:/Meus Sites/Comandos Eletroeletrônicos/scorm.onilearning.com.br/conteudo/novo_scorm/scorm-padrao/padrao/images/banner-trilha.jpg]
[C:/Meus Sites/Comandos Eletroeletrônicos/cdn.jsdelivr.net/npm/uikit@3.16.15/dist/js/uikit-icons.min.js]
[C:/Meus Sites/Comandos Eletroeletrônicos/scorm.onilearning.com.br/conteudo/novo_scorm/scorm-padrao/padrao/js/main.js]
[C:/Meus Sites/Comandos Eletroeletrônicos/scorm.onilearning.com.br/conteudo/componentec7ef.html]
[C:/Meus Sites/Comandos Eletroeletrônicos/scorm.onilearning.com.br/conteudo/assets/img/pdf.svg]
[C:/Meus Sites/Comandos Eletroeletrônicos/scorm.onilearning.com.br/conteudo/assets/img/lang_BR.svg]
[C:/Meus Sites/Comandos Eletroeletrônicos/scorm.onilearning.com.br/conteudo/assets/img/lang_US.svg]
[C:/Meus Sites/Comandos Eletroeletrônicos/scorm.onilearning.com.br/conteudo/assets/img/lang_ES.svg]
[C:/Meus Sites/Comandos Eletroeletrônicos/plugin.handtalk.me/web/latest/handtalk.min.js]
[C:/Meus Sites/Comandos Eletroeletrônicos/scorm.onilearning.com.br/conteudo/chatpdf/HISTORICO.pdf]
[C:/Meus Sites/Comandos Eletroeletrônicos/scorm.onilearning.com.br/conteudo/chat_pdf_onitutor.html]
[C:/Meus Sites/Comandos Eletroeletrônicos/scorm.onilearning.com.br/conteudo/POST.html]
[C:/Meus Sites/Comandos Eletroeletrônicos/scorm.onilearning.com.br/conteudo/chatpdf/FunPerguntapdf.html]
[C:/Meus Sites/Comandos Eletroeletrônicos/scorm.onilearning.com.br/conteudo/chatpdf/carregarConversas.html]
[C:/Meus Sites/Comandos Eletroeletrônicos/scorm.onilearning.com.br/conteudo/scripts.html]
[C:/Meus Sites/Comandos Eletroeletrônicos/scorm.onilearning.com.br/conteudo/componente4705.html]
[C:/Meus Sites/Comandos Eletroeletrônicos/scorm.onilearning.com.br/conteudo/componentecfb1.html]
[C:/Meus Sites/Comandos Eletroeletrônicos/scorm.onilearning.com.br/conteudo/componente1877.html]
[C:/Meus Sites/Comandos Eletroeletrônicos/scorm.onilearning.com.br/conteudo/novo_scorm/scorm-padrao/padrao/css/materialize.min.css]
[C:/Meus Sites/Comandos Eletroeletrônicos/scorm.onilearning.com.br/conteudo/novo_scorm/scorm-padrao/padrao/contents/background_computador2.jpg]
[C:/Meus Sites/Comandos Eletroeletrônicos/scorm.onilearning.com.br/conteudo/novo_scorm/scorm-padrao/padrao/css/main.css]
[C:/Meus Sites/Comandos Eletroeletrônicos/scorm.onilearning.com.br/conteudo/novo_scorm/scorm-padrao/padrao/css/bootstrap-grid.min.css]
[C:/Meus Sites/Comandos Eletroeletrônicos/cdn.jsdelivr.net/npm/uikit@3.16.15/dist/css/uikit.min.css]
[C:/Meus Sites/Comandos Eletroeletrônicos/scorm.onilearning.com.br/conteudo/componente3380.html]
[C:/Meus Sites/Comandos Eletroeletrônicos/scorm.onilearning.com.br/conteudo/slide7c1b.pdf]
[C:/Meus Sites/Comandos Eletroeletrônicos/scorm.onilearning.com.br/trilha/assets/pdf/web/viewer.css]
[C:/Meus Sites/Comandos Eletroeletrônicos/scorm.onilearning.com.br/conteudo/componente2e94.html]
[C:/Meus Sites/Comandos Eletroeletrônicos/scorm.onilearning.com.br/trilha/assets/pdf/web/viewer.js]
[C:/Meus Sites/Comandos Eletroeletrônicos/scorm.onilearning.com.br/conteudo/slidee245.pdf]
[C:/Meus Sites/Comandos Eletroeletrônicos/scorm.onilearning.com.br/conteudo/componenteef40.html]
[C:/Meus Sites/Comandos Eletroeletrônicos/scorm.onilearning.com.br/conteudo/dist/hls.js]
[C:/Meus Sites/Comandos Eletroeletrônicos/scorm.onilearning.com.br/conteudo/componentef0da.html]
[C:/Meus Sites/Comandos Eletroeletrônicos/scorm.onilearning.com.br/conteudo/componente376f.html]
[C:/Meus Sites/Comandos Eletroeletrônicos/cdn.jsdelivr.net/npm/bootstrap-icons@1.11.3/font/bootstrap-icons.css]
[C:/Meus Sites/Comandos Eletroeletrônicos/code.jquery.com/jquery-3.2.1.min.js]
[C:/Meus Sites/Comandos Eletroeletrônicos/cdn.jsdelivr.net/npm/uikit@3.16.15/dist/js/uikit.min.js]
[C:/Meus Sites/Comandos Eletroeletrônicos/cdnjs.cloudflare.com/ajax/libs/jspdf/2.4.0/jspdf.umd.min.js]
[C:/Meus Sites/Comandos Eletroeletrônicos/cdnjs.cloudflare.com/ajax/libs/html2pdf.js/0.10.1/html2pdf.bundle.min.js]
[C:/Meus Sites/Comandos Eletroeletrônicos/scorm.onilearning.com.br/conteudo/novo_scorm/scorm-padrao/padrao/js/bootstrap.min.js]
[C:/Meus Sites/Comandos Eletroeletrônicos/scorm.onilearning.com.br/conteudo/componente7c76.html]
[C:/Meus Sites/Comandos Eletroeletrônicos/scorm.onilearning.com.br/conteudo/slide89a3.pdf]
[C:/Meus Sites/Comandos Eletroeletrônicos/scorm.onilearning.com.br/conteudo/componente6133.html]
[C:/Meus Sites/Comandos Eletroeletrônicos/scorm.onilearning.com.br/conteudo/slide9d4b.pdf]
[C:/Meus Sites/Comandos Eletroeletrônicos/scorm.onilearning.com.br/conteudo/componente2ff6.html]
[C:/Meus Sites/Comandos Eletroeletrônicos/scorm.onilearning.com.br/conteudo/componente96c8.html]
[C:/Meus Sites/Comandos Eletroeletrônicos/scorm.onilearning.com.br/conteudo/componentef555.html]
[C:/Meus Sites/Comandos Eletroeletrônicos/scorm.onilearning.com.br/conteudo/componentec169.html]
[C:/Meus Sites/Comandos Eletroeletrônicos/scorm.onilearning.com.br/conteudo/slide1f84.pdf]
[C:/Meus Sites/Comandos Eletroeletrônicos/scorm.onilearning.com.br/conteudo/componente480c.html]
[C:/Meus Sites/Comandos Eletroeletrônicos/scorm.onilearning.com.br/conteudo/slide72ce.pdf]
[C:/Meus Sites/Comandos Eletroeletrônicos/scorm.onilearning.com.br/conteudo/componente5738.html]
[C:/Meus Sites/Comandos Eletroeletrônicos/scorm.onilearning.com.br/conteudo/componenteab1c.html]
[C:/Meus Sites/Comandos Eletroeletrônicos/scorm.onilearning.com.br/conteudo/componente3471.html]
[C:/Meus Sites/Comandos Eletroeletrônicos/scorm.onilearning.com.br/conteudo/componente978c.html]
[C:/Meus Sites/Comandos Eletroeletrônicos/scorm.onilearning.com.br/conteudo/slide5648.pdf]
[C:/Meus Sites/Comandos Eletroeletrônicos/scorm.onilearning.com.br/conteudo/componente0a22.html]
[C:/Meus Sites/Comandos Eletroeletrônicos/scorm.onilearning.com.br/conteudo/slide435e.pdf]
[C:/Meus Sites/Comandos Eletroeletrônicos/scorm.onilearning.com.br/conteudo/componente2ad7.html]
[C:/Meus Sites/Comandos Eletroeletrônicos/scorm.onilearning.com.br/conteudo/componente8f19.html]
[C:/Meus Sites/Comandos Eletroeletrônicos/scorm.onilearning.com.br/conteudo/componente9fce.html]
[C:/Meus Sites/Comandos Eletroeletrônicos/scorm.onilearning.com.br/conteudo/componente1cd1.html]
[C:/Meus Sites/Comandos Eletroeletrônicos/scorm.onilearning.com.br/conteudo/componente8381.html]
[C:/Meus Sites/Comandos Eletroeletrônicos/scorm.onilearning.com.br/conteudo/locale/locale.html]
[C:/Meus Sites/Comandos Eletroeletrônicos/scorm.onilearning.com.br/trilha/assets/pdf/web/viewer.css]
[C:/Meus Sites/Comandos Eletroeletrônicos/scorm.onilearning.com.br/conteudo/chatpdf/audioQuestion92bd.html]
[C:/Meus Sites/Comandos Eletroeletrônicos/scorm.onilearning.com.br/conteudo/componente3537.html]
[C:/Meus Sites/Comandos Eletroeletrônicos/scorm.onilearning.com.br/conteudo/componente4eb9.html]
[C:/Meus Sites/Comandos Eletroeletrônicos/scorm.onilearning.com.br/trilha/assets/pdf/build/pdf.js]
[C:/Meus Sites/Comandos Eletroeletrônicos/scorm.onilearning.com.br/conteudo/componente03a2.html]
