[C:/Meus Sites/Instalações Elétricas de Baixa Tensão/backblue.gif]
[C:/Meus Sites/Instalações Elétricas de Baixa Tensão/fade.gif]
[C:/Meus Sites/Instalações Elétricas de Baixa Tensão/index.html]
[C:/Meus Sites/Instalações Elétricas de Baixa Tensão/scorm.onilearning.com.br/conteudo/assets/img/ONIfavicon-96x96.png]
[C:/Meus Sites/Instalações Elétricas de Baixa Tensão/scorm.onilearning.com.br/conteudo/assets/css/novaTrilha.css]
[C:/Meus Sites/Instalações Elétricas de Baixa Tensão/scorm.onilearning.com.br/conteudo/assets/js/acess_scripts.js]
[C:/Meus Sites/Instalações Elétricas de Baixa Tensão/cdn.jsdelivr.net/npm/@phosphor-icons/web@2.1.1/src/regular/style.css]
[C:/Meus Sites/Instalações Elétricas de Baixa Tensão/cdn.jsdelivr.net/npm/@phosphor-icons/web@2.1.1/src/bold/style.css]
[C:/Meus Sites/Instalações Elétricas de Baixa Tensão/cdn.jsdelivr.net/npm/@phosphor-icons/web@2.1.1/src/fill/style.css]
[C:/Meus Sites/Instalações Elétricas de Baixa Tensão/scorm.onilearning.com.br/conteudo/assets/img/iconografia/modelo-3/icone-1.png]
[C:/Meus Sites/Instalações Elétricas de Baixa Tensão/scorm.onilearning.com.br/conteudo/assets/img/iconografia/modelo-3/icone-2.png]
[C:/Meus Sites/Instalações Elétricas de Baixa Tensão/scorm.onilearning.com.br/conteudo/assets/img/iconografia/modelo-3/icone-3.png]
[C:/Meus Sites/Instalações Elétricas de Baixa Tensão/scorm.onilearning.com.br/conteudo/assets/img/iconografia/modelo-3/icone-4.png]
[C:/Meus Sites/Instalações Elétricas de Baixa Tensão/scorm.onilearning.com.br/conteudo/assets/img/iconografia/modelo-3/icone-5.png]
[C:/Meus Sites/Instalações Elétricas de Baixa Tensão/scorm.onilearning.com.br/conteudo/assets/img/iconografia/modelo-3/icone-6.png]
[C:/Meus Sites/Instalações Elétricas de Baixa Tensão/scorm.onilearning.com.br/conteudo/assets/img/iconografia/modelo-3/icone-7.png]
[C:/Meus Sites/Instalações Elétricas de Baixa Tensão/scorm.onilearning.com.br/conteudo/assets/img/iconografia/modelo-3/icone-8.png]
[C:/Meus Sites/Instalações Elétricas de Baixa Tensão/scorm.onilearning.com.br/conteudo/assets/img/iconografia/modelo-3/icone-9.png]
[C:/Meus Sites/Instalações Elétricas de Baixa Tensão/scorm.onilearning.com.br/conteudo/assets/img/iconografia/modelo-3/icone-10.png]
[C:/Meus Sites/Instalações Elétricas de Baixa Tensão/scorm.onilearning.com.br/conteudo/assets/img/iconografia/modelo-3/icone-11.png]
[C:/Meus Sites/Instalações Elétricas de Baixa Tensão/scorm.onilearning.com.br/conteudo/assets/img/iconografia/modelo-3/icone-12.png]
[C:/Meus Sites/Instalações Elétricas de Baixa Tensão/scorm.onilearning.com.br/conteudo/ebooka4cc.pdf]
[C:/Meus Sites/Instalações Elétricas de Baixa Tensão/scorm.onilearning.com.br/conteudo/componentea91b.html]
[C:/Meus Sites/Instalações Elétricas de Baixa Tensão/scorm.onilearning.com.br/conteudo/ebook8efb.pdf]
[C:/Meus Sites/Instalações Elétricas de Baixa Tensão/scorm.onilearning.com.br/conteudo/componentee694.html]
[C:/Meus Sites/Instalações Elétricas de Baixa Tensão/scorm.onilearning.com.br/conteudo/ebooke5c1.pdf]
[C:/Meus Sites/Instalações Elétricas de Baixa Tensão/scorm.onilearning.com.br/conteudo/componentee40e.html]
[C:/Meus Sites/Instalações Elétricas de Baixa Tensão/scorm.onilearning.com.br/conteudo/ebook5e10.pdf]
[C:/Meus Sites/Instalações Elétricas de Baixa Tensão/scorm.onilearning.com.br/conteudo/componente6a04.html]
[C:/Meus Sites/Instalações Elétricas de Baixa Tensão/scorm.onilearning.com.br/conteudo/assets/css/reset.css]
[C:/Meus Sites/Instalações Elétricas de Baixa Tensão/scorm.onilearning.com.br/conteudo/assets/css/novaTrilha.css]
[C:/Meus Sites/Instalações Elétricas de Baixa Tensão/cdnjs.cloudflare.com/ajax/libs/jquery/3.6.4/jquery.min.js]
[C:/Meus Sites/Instalações Elétricas de Baixa Tensão/scorm.onilearning.com.br/conteudo/assets/css/acess_contrast.css]
[C:/Meus Sites/Instalações Elétricas de Baixa Tensão/scorm.onilearning.com.br/conteudo/assets/css/acess_bar.css]
[C:/Meus Sites/Instalações Elétricas de Baixa Tensão/cdn.jsdelivr.net/npm/@phosphor-icons/web@2.1.1/src/regular/style.css]
[C:/Meus Sites/Instalações Elétricas de Baixa Tensão/cdn.jsdelivr.net/npm/@phosphor-icons/web@2.1.1/src/bold/style.css]
[C:/Meus Sites/Instalações Elétricas de Baixa Tensão/cdn.jsdelivr.net/npm/@phosphor-icons/web@2.1.1/src/fill/style.css]
[C:/Meus Sites/Instalações Elétricas de Baixa Tensão/scorm.onilearning.com.br/conteudo/assets/js/novaTrilha.js]
[C:/Meus Sites/Instalações Elétricas de Baixa Tensão/oni360.com.br/externo/onicreative/template/3/dist/hls.js]
[C:/Meus Sites/Instalações Elétricas de Baixa Tensão/scorm.onilearning.com.br/conteudo/novo_scorm/scorm-padrao/padrao/css/materialize.min.css]
[C:/Meus Sites/Instalações Elétricas de Baixa Tensão/scorm.onilearning.com.br/conteudo/novo_scorm/scorm-padrao/padrao/css/main.css]
[C:/Meus Sites/Instalações Elétricas de Baixa Tensão/scorm.onilearning.com.br/conteudo/novo_scorm/scorm-padrao/padrao/css/bootstrap-grid.min.css]
[C:/Meus Sites/Instalações Elétricas de Baixa Tensão/cdn.jsdelivr.net/npm/uikit@3.16.15/dist/css/uikit.min.css]
[C:/Meus Sites/Instalações Elétricas de Baixa Tensão/api-externa360.onilearning.com.br/exemplo-mapa.jpg]
[C:/Meus Sites/Instalações Elétricas de Baixa Tensão/cdn.jsdelivr.net/npm/bootstrap-icons@1.11.3/font/bootstrap-icons.css]
[C:/Meus Sites/Instalações Elétricas de Baixa Tensão/scorm.onilearning.com.br/conteudo/novo_scorm/scorm-padrao/padrao/images/banner-trilha.jpg]
[C:/Meus Sites/Instalações Elétricas de Baixa Tensão/cdn.jsdelivr.net/npm/uikit@3.16.15/dist/js/uikit-icons.min.js]
[C:/Meus Sites/Instalações Elétricas de Baixa Tensão/scorm.onilearning.com.br/conteudo/novo_scorm/scorm-padrao/padrao/js/main.js]
[C:/Meus Sites/Instalações Elétricas de Baixa Tensão/scorm.onilearning.com.br/conteudo/componentec089.html]
[C:/Meus Sites/Instalações Elétricas de Baixa Tensão/scorm.onilearning.com.br/conteudo/assets/img/pdf.svg]
[C:/Meus Sites/Instalações Elétricas de Baixa Tensão/scorm.onilearning.com.br/conteudo/assets/img/lang_BR.svg]
[C:/Meus Sites/Instalações Elétricas de Baixa Tensão/scorm.onilearning.com.br/conteudo/assets/img/lang_US.svg]
[C:/Meus Sites/Instalações Elétricas de Baixa Tensão/scorm.onilearning.com.br/conteudo/assets/img/lang_ES.svg]
[C:/Meus Sites/Instalações Elétricas de Baixa Tensão/cdn.jsdelivr.net/npm/@phosphor-icons/web@2.1.1/src/duotone/style.css]
[C:/Meus Sites/Instalações Elétricas de Baixa Tensão/plugin.handtalk.me/web/latest/handtalk.min.js]
[C:/Meus Sites/Instalações Elétricas de Baixa Tensão/scorm.onilearning.com.br/conteudo/chat_pdf_onitutor_moni.html]
[C:/Meus Sites/Instalações Elétricas de Baixa Tensão/scorm.onilearning.com.br/conteudo/chatpdf/moni_onepage.html]
[C:/Meus Sites/Instalações Elétricas de Baixa Tensão/scorm.onilearning.com.br/conteudo/POST.html]
[C:/Meus Sites/Instalações Elétricas de Baixa Tensão/scorm.onilearning.com.br/conteudo/chatpdf/audioQuestion_moni92bd.json]
[C:/Meus Sites/Instalações Elétricas de Baixa Tensão/scorm.onilearning.com.br/conteudo/audio.html]
[C:/Meus Sites/Instalações Elétricas de Baixa Tensão/scorm.onilearning.com.br/conteudo/scripts.html]
[C:/Meus Sites/Instalações Elétricas de Baixa Tensão/scorm.onilearning.com.br/conteudo/componentea758.html]
[C:/Meus Sites/Instalações Elétricas de Baixa Tensão/scorm.onilearning.com.br/conteudo/componente5599.html]
[C:/Meus Sites/Instalações Elétricas de Baixa Tensão/scorm.onilearning.com.br/conteudo/componente8b9f.html]
[C:/Meus Sites/Instalações Elétricas de Baixa Tensão/scorm.onilearning.com.br/conteudo/novo_scorm/scorm-padrao/padrao/css/materialize.min.css]
[C:/Meus Sites/Instalações Elétricas de Baixa Tensão/scorm.onilearning.com.br/conteudo/novo_scorm/scorm-padrao/padrao/contents/background_computador2.jpg]
[C:/Meus Sites/Instalações Elétricas de Baixa Tensão/scorm.onilearning.com.br/conteudo/novo_scorm/scorm-padrao/padrao/css/main.css]
[C:/Meus Sites/Instalações Elétricas de Baixa Tensão/scorm.onilearning.com.br/conteudo/novo_scorm/scorm-padrao/padrao/css/bootstrap-grid.min.css]
[C:/Meus Sites/Instalações Elétricas de Baixa Tensão/cdn.jsdelivr.net/npm/uikit@3.16.15/dist/css/uikit.min.css]
[C:/Meus Sites/Instalações Elétricas de Baixa Tensão/scorm.onilearning.com.br/conteudo/componente617b.html]
[C:/Meus Sites/Instalações Elétricas de Baixa Tensão/scorm.onilearning.com.br/conteudo/slide187d.pdf]
[C:/Meus Sites/Instalações Elétricas de Baixa Tensão/scorm.onilearning.com.br/trilha/assets/pdf/web/viewer.css]
[C:/Meus Sites/Instalações Elétricas de Baixa Tensão/scorm.onilearning.com.br/conteudo/componente8a92.html]
[C:/Meus Sites/Instalações Elétricas de Baixa Tensão/scorm.onilearning.com.br/trilha/assets/pdf/web/viewer.js]
[C:/Meus Sites/Instalações Elétricas de Baixa Tensão/scorm.onilearning.com.br/conteudo/slide56b1.pdf]
[C:/Meus Sites/Instalações Elétricas de Baixa Tensão/scorm.onilearning.com.br/conteudo/componente5771.html]
[C:/Meus Sites/Instalações Elétricas de Baixa Tensão/scorm.onilearning.com.br/conteudo/componentef171.html]
[C:/Meus Sites/Instalações Elétricas de Baixa Tensão/scorm.onilearning.com.br/conteudo/componentee6e8.html]
[C:/Meus Sites/Instalações Elétricas de Baixa Tensão/cdn.jsdelivr.net/npm/bootstrap-icons@1.11.3/font/bootstrap-icons.css]
[C:/Meus Sites/Instalações Elétricas de Baixa Tensão/cdn.jsdelivr.net/npm/uikit@3.16.15/dist/js/uikit.min.js]
[C:/Meus Sites/Instalações Elétricas de Baixa Tensão/cdn.jsdelivr.net/npm/@phosphor-icons/web@2.1.1/src/duotone/style.css]
[C:/Meus Sites/Instalações Elétricas de Baixa Tensão/code.jquery.com/jquery-3.2.1.min.js]
[C:/Meus Sites/Instalações Elétricas de Baixa Tensão/scorm.onilearning.com.br/conteudo/novo_scorm/scorm-padrao/padrao/js/bootstrap.min.js]
[C:/Meus Sites/Instalações Elétricas de Baixa Tensão/cdnjs.cloudflare.com/ajax/libs/html2pdf.js/0.10.1/html2pdf.bundle.min.js]
[C:/Meus Sites/Instalações Elétricas de Baixa Tensão/cdnjs.cloudflare.com/ajax/libs/jspdf/2.4.0/jspdf.umd.min.js]
[C:/Meus Sites/Instalações Elétricas de Baixa Tensão/scorm.onilearning.com.br/conteudo/componentec1c5.html]
[C:/Meus Sites/Instalações Elétricas de Baixa Tensão/scorm.onilearning.com.br/conteudo/slide76ba.pdf]
[C:/Meus Sites/Instalações Elétricas de Baixa Tensão/scorm.onilearning.com.br/conteudo/componente13ef.html]
[C:/Meus Sites/Instalações Elétricas de Baixa Tensão/scorm.onilearning.com.br/conteudo/slide086e.pdf]
[C:/Meus Sites/Instalações Elétricas de Baixa Tensão/scorm.onilearning.com.br/conteudo/componente2ed9.html]
[C:/Meus Sites/Instalações Elétricas de Baixa Tensão/scorm.onilearning.com.br/conteudo/componentee1da.html]
[C:/Meus Sites/Instalações Elétricas de Baixa Tensão/scorm.onilearning.com.br/conteudo/componente1288.html]
[C:/Meus Sites/Instalações Elétricas de Baixa Tensão/scorm.onilearning.com.br/conteudo/componentecbb9.html]
[C:/Meus Sites/Instalações Elétricas de Baixa Tensão/scorm.onilearning.com.br/conteudo/slidec983.pdf]
[C:/Meus Sites/Instalações Elétricas de Baixa Tensão/scorm.onilearning.com.br/conteudo/componente9a79.html]
[C:/Meus Sites/Instalações Elétricas de Baixa Tensão/scorm.onilearning.com.br/conteudo/slide8d6e.pdf]
[C:/Meus Sites/Instalações Elétricas de Baixa Tensão/scorm.onilearning.com.br/conteudo/componente3daf.html]
[C:/Meus Sites/Instalações Elétricas de Baixa Tensão/scorm.onilearning.com.br/conteudo/componentef98b.html]
[C:/Meus Sites/Instalações Elétricas de Baixa Tensão/scorm.onilearning.com.br/conteudo/componente6d20.html]
[C:/Meus Sites/Instalações Elétricas de Baixa Tensão/scorm.onilearning.com.br/conteudo/componente4f49.html]
[C:/Meus Sites/Instalações Elétricas de Baixa Tensão/scorm.onilearning.com.br/conteudo/slide0972.pdf]
[C:/Meus Sites/Instalações Elétricas de Baixa Tensão/scorm.onilearning.com.br/conteudo/componenteccaa.html]
[C:/Meus Sites/Instalações Elétricas de Baixa Tensão/scorm.onilearning.com.br/conteudo/slide2832.pdf]
[C:/Meus Sites/Instalações Elétricas de Baixa Tensão/scorm.onilearning.com.br/conteudo/componenteee6a.html]
[C:/Meus Sites/Instalações Elétricas de Baixa Tensão/scorm.onilearning.com.br/conteudo/componentebe0d.html]
[C:/Meus Sites/Instalações Elétricas de Baixa Tensão/scorm.onilearning.com.br/conteudo/componente899b.html]
[C:/Meus Sites/Instalações Elétricas de Baixa Tensão/scorm.onilearning.com.br/conteudo/componentefcb1.html]
[C:/Meus Sites/Instalações Elétricas de Baixa Tensão/scorm.onilearning.com.br/conteudo/componentebbd1.html]
[C:/Meus Sites/Instalações Elétricas de Baixa Tensão/scorm.onilearning.com.br/conteudo/locale/locale.html]
[C:/Meus Sites/Instalações Elétricas de Baixa Tensão/scorm.onilearning.com.br/trilha/assets/pdf/web/viewer.css]
[C:/Meus Sites/Instalações Elétricas de Baixa Tensão/scorm.onilearning.com.br/trilha/assets/pdf/build/pdf.js]
[C:/Meus Sites/Instalações Elétricas de Baixa Tensão/scorm.onilearning.com.br/conteudo/dist/hls.js]
[C:/Meus Sites/Instalações Elétricas de Baixa Tensão/scorm.onilearning.com.br/conteudo/componente5c2f.html]
[C:/Meus Sites/Instalações Elétricas de Baixa Tensão/scorm.onilearning.com.br/conteudo/componente1c2d.html]
[C:/Meus Sites/Instalações Elétricas de Baixa Tensão/scorm.onilearning.com.br/conteudo/componente362b.html]
[C:/Meus Sites/Instalações Elétricas de Baixa Tensão/scorm.onilearning.com.br/conteudo/chatpdf/baixarConversaMoni.html]
