[C:/Meus Sites/Organização e Gestão do Trabalho Industrial/backblue.gif]
[C:/Meus Sites/Organização e Gestão do Trabalho Industrial/fade.gif]
[C:/Meus Sites/Organização e Gestão do Trabalho Industrial/index.html]
[C:/Meus Sites/Organização e Gestão do Trabalho Industrial/scorm.onilearning.com.br/conteudo/assets/img/ONIfavicon-96x96.png]
[C:/Meus Sites/Organização e Gestão do Trabalho Industrial/scorm.onilearning.com.br/conteudo/assets/css/novaTrilha.css]
[C:/Meus Sites/Organização e Gestão do Trabalho Industrial/scorm.onilearning.com.br/conteudo/assets/js/acess_scripts.js]
[C:/Meus Sites/Organização e Gestão do Trabalho Industrial/cdn.jsdelivr.net/npm/@phosphor-icons/web@2.1.1/src/regular/style.css]
[C:/Meus Sites/Organização e Gestão do Trabalho Industrial/cdn.jsdelivr.net/npm/@phosphor-icons/web@2.1.1/src/bold/style.css]
[C:/Meus Sites/Organização e Gestão do Trabalho Industrial/cdn.jsdelivr.net/npm/@phosphor-icons/web@2.1.1/src/fill/style.css]
[C:/Meus Sites/Organização e Gestão do Trabalho Industrial/scorm.onilearning.com.br/conteudo/assets/img/iconografia/modelo-3/icone-1.png]
[C:/Meus Sites/Organização e Gestão do Trabalho Industrial/scorm.onilearning.com.br/conteudo/assets/img/iconografia/modelo-3/icone-2.png]
[C:/Meus Sites/Organização e Gestão do Trabalho Industrial/scorm.onilearning.com.br/conteudo/assets/img/iconografia/modelo-3/icone-3.png]
[C:/Meus Sites/Organização e Gestão do Trabalho Industrial/scorm.onilearning.com.br/conteudo/assets/img/iconografia/modelo-3/icone-4.png]
[C:/Meus Sites/Organização e Gestão do Trabalho Industrial/scorm.onilearning.com.br/conteudo/assets/img/iconografia/modelo-3/icone-5.png]
[C:/Meus Sites/Organização e Gestão do Trabalho Industrial/scorm.onilearning.com.br/conteudo/assets/img/iconografia/modelo-3/icone-6.png]
[C:/Meus Sites/Organização e Gestão do Trabalho Industrial/scorm.onilearning.com.br/conteudo/assets/img/iconografia/modelo-3/icone-7.png]
[C:/Meus Sites/Organização e Gestão do Trabalho Industrial/scorm.onilearning.com.br/conteudo/assets/img/iconografia/modelo-3/icone-8.png]
[C:/Meus Sites/Organização e Gestão do Trabalho Industrial/scorm.onilearning.com.br/conteudo/assets/img/iconografia/modelo-3/icone-9.png]
[C:/Meus Sites/Organização e Gestão do Trabalho Industrial/scorm.onilearning.com.br/conteudo/assets/img/iconografia/modelo-3/icone-10.png]
[C:/Meus Sites/Organização e Gestão do Trabalho Industrial/scorm.onilearning.com.br/conteudo/assets/img/iconografia/modelo-3/icone-11.png]
[C:/Meus Sites/Organização e Gestão do Trabalho Industrial/scorm.onilearning.com.br/conteudo/assets/img/iconografia/modelo-3/icone-12.png]
[C:/Meus Sites/Organização e Gestão do Trabalho Industrial/scorm.onilearning.com.br/conteudo/ebook4424.pdf]
[C:/Meus Sites/Organização e Gestão do Trabalho Industrial/scorm.onilearning.com.br/conteudo/assets/img/lang_ES.svg]
[C:/Meus Sites/Organização e Gestão do Trabalho Industrial/scorm.onilearning.com.br/conteudo/componente7cf7.html]
[C:/Meus Sites/Organização e Gestão do Trabalho Industrial/scorm.onilearning.com.br/conteudo/ebookbed0.pdf]
[C:/Meus Sites/Organização e Gestão do Trabalho Industrial/scorm.onilearning.com.br/conteudo/componente4ce5.html]
[C:/Meus Sites/Organização e Gestão do Trabalho Industrial/scorm.onilearning.com.br/conteudo/ebookda62.pdf]
[C:/Meus Sites/Organização e Gestão do Trabalho Industrial/scorm.onilearning.com.br/conteudo/componented538.html]
[C:/Meus Sites/Organização e Gestão do Trabalho Industrial/scorm.onilearning.com.br/conteudo/ebook99f2.pdf]
[C:/Meus Sites/Organização e Gestão do Trabalho Industrial/scorm.onilearning.com.br/conteudo/componenteeaab.html]
[C:/Meus Sites/Organização e Gestão do Trabalho Industrial/scorm.onilearning.com.br/conteudo/assets/css/reset.css]
[C:/Meus Sites/Organização e Gestão do Trabalho Industrial/scorm.onilearning.com.br/conteudo/assets/css/novaTrilha.css]
[C:/Meus Sites/Organização e Gestão do Trabalho Industrial/cdnjs.cloudflare.com/ajax/libs/jquery/3.6.4/jquery.min.js]
[C:/Meus Sites/Organização e Gestão do Trabalho Industrial/scorm.onilearning.com.br/conteudo/assets/css/acess_contrast.css]
[C:/Meus Sites/Organização e Gestão do Trabalho Industrial/scorm.onilearning.com.br/conteudo/assets/css/acess_bar.css]
[C:/Meus Sites/Organização e Gestão do Trabalho Industrial/cdn.jsdelivr.net/npm/@phosphor-icons/web@2.1.1/src/regular/style.css]
[C:/Meus Sites/Organização e Gestão do Trabalho Industrial/cdn.jsdelivr.net/npm/@phosphor-icons/web@2.1.1/src/bold/style.css]
[C:/Meus Sites/Organização e Gestão do Trabalho Industrial/cdn.jsdelivr.net/npm/@phosphor-icons/web@2.1.1/src/fill/style.css]
[C:/Meus Sites/Organização e Gestão do Trabalho Industrial/scorm.onilearning.com.br/conteudo/assets/js/novaTrilha.js]
[C:/Meus Sites/Organização e Gestão do Trabalho Industrial/scorm.onilearning.com.br/conteudo/novo_scorm/scorm-padrao/padrao/css/materialize.min.css]
[C:/Meus Sites/Organização e Gestão do Trabalho Industrial/oni360.com.br/externo/onicreative/template/3/dist/hls.js]
[C:/Meus Sites/Organização e Gestão do Trabalho Industrial/scorm.onilearning.com.br/conteudo/novo_scorm/scorm-padrao/padrao/css/main.css]
[C:/Meus Sites/Organização e Gestão do Trabalho Industrial/scorm.onilearning.com.br/conteudo/novo_scorm/scorm-padrao/padrao/css/bootstrap-grid.min.css]
[C:/Meus Sites/Organização e Gestão do Trabalho Industrial/cdn.jsdelivr.net/npm/uikit@3.16.15/dist/css/uikit.min.css]
[C:/Meus Sites/Organização e Gestão do Trabalho Industrial/api-externa360.onilearning.com.br/exemplo-mapa.jpg]
[C:/Meus Sites/Organização e Gestão do Trabalho Industrial/cdn.jsdelivr.net/npm/bootstrap-icons@1.11.3/font/bootstrap-icons.css]
[C:/Meus Sites/Organização e Gestão do Trabalho Industrial/scorm.onilearning.com.br/conteudo/novo_scorm/scorm-padrao/padrao/images/banner-trilha.jpg]
[C:/Meus Sites/Organização e Gestão do Trabalho Industrial/cdn.jsdelivr.net/npm/uikit@3.16.15/dist/js/uikit-icons.min.js]
[C:/Meus Sites/Organização e Gestão do Trabalho Industrial/scorm.onilearning.com.br/conteudo/novo_scorm/scorm-padrao/padrao/js/main.js]
[C:/Meus Sites/Organização e Gestão do Trabalho Industrial/scorm.onilearning.com.br/conteudo/componente330c.html]
[C:/Meus Sites/Organização e Gestão do Trabalho Industrial/scorm.onilearning.com.br/conteudo/assets/img/pdf.svg]
[C:/Meus Sites/Organização e Gestão do Trabalho Industrial/scorm.onilearning.com.br/conteudo/assets/img/lang_BR.svg]
[C:/Meus Sites/Organização e Gestão do Trabalho Industrial/scorm.onilearning.com.br/conteudo/assets/img/lang_US.svg]
[C:/Meus Sites/Organização e Gestão do Trabalho Industrial/scorm.onilearning.com.br/conteudo/assets/img/lang_ES.svg]
[C:/Meus Sites/Organização e Gestão do Trabalho Industrial/plugin.handtalk.me/web/latest/handtalk.min.js]
[C:/Meus Sites/Organização e Gestão do Trabalho Industrial/scorm.onilearning.com.br/conteudo/chatpdf/HISTORICO.pdf]
[C:/Meus Sites/Organização e Gestão do Trabalho Industrial/scorm.onilearning.com.br/conteudo/chat_pdf_onitutor_moni.html]
[C:/Meus Sites/Organização e Gestão do Trabalho Industrial/scorm.onilearning.com.br/conteudo/chatpdf/moni_onepage.html]
[C:/Meus Sites/Organização e Gestão do Trabalho Industrial/scorm.onilearning.com.br/conteudo/POST.html]
[C:/Meus Sites/Organização e Gestão do Trabalho Industrial/scorm.onilearning.com.br/conteudo/chatpdf/audioQuestion_moni92bd.json]
[C:/Meus Sites/Organização e Gestão do Trabalho Industrial/scorm.onilearning.com.br/conteudo/audio.html]
[C:/Meus Sites/Organização e Gestão do Trabalho Industrial/scorm.onilearning.com.br/conteudo/scripts.html]
[C:/Meus Sites/Organização e Gestão do Trabalho Industrial/scorm.onilearning.com.br/conteudo/componente24fb.html]
[C:/Meus Sites/Organização e Gestão do Trabalho Industrial/scorm.onilearning.com.br/conteudo/componente82c8.html]
[C:/Meus Sites/Organização e Gestão do Trabalho Industrial/scorm.onilearning.com.br/conteudo/componente95dd.html]
[C:/Meus Sites/Organização e Gestão do Trabalho Industrial/scorm.onilearning.com.br/conteudo/novo_scorm/scorm-padrao/padrao/css/materialize.min.css]
[C:/Meus Sites/Organização e Gestão do Trabalho Industrial/scorm.onilearning.com.br/conteudo/novo_scorm/scorm-padrao/padrao/contents/background_computador2.jpg]
[C:/Meus Sites/Organização e Gestão do Trabalho Industrial/scorm.onilearning.com.br/conteudo/novo_scorm/scorm-padrao/padrao/css/main.css]
[C:/Meus Sites/Organização e Gestão do Trabalho Industrial/scorm.onilearning.com.br/conteudo/novo_scorm/scorm-padrao/padrao/css/bootstrap-grid.min.css]
[C:/Meus Sites/Organização e Gestão do Trabalho Industrial/cdn.jsdelivr.net/npm/uikit@3.16.15/dist/css/uikit.min.css]
[C:/Meus Sites/Organização e Gestão do Trabalho Industrial/scorm.onilearning.com.br/conteudo/componented165.html]
[C:/Meus Sites/Organização e Gestão do Trabalho Industrial/scorm.onilearning.com.br/conteudo/slide3fa5.pdf]
[C:/Meus Sites/Organização e Gestão do Trabalho Industrial/scorm.onilearning.com.br/trilha/assets/pdf/web/viewer.css]
[C:/Meus Sites/Organização e Gestão do Trabalho Industrial/scorm.onilearning.com.br/conteudo/componente7fbf.html]
[C:/Meus Sites/Organização e Gestão do Trabalho Industrial/scorm.onilearning.com.br/trilha/assets/pdf/web/viewer.js]
[C:/Meus Sites/Organização e Gestão do Trabalho Industrial/scorm.onilearning.com.br/conteudo/slide6db1.pdf]
[C:/Meus Sites/Organização e Gestão do Trabalho Industrial/scorm.onilearning.com.br/conteudo/componentee8eb.html]
[C:/Meus Sites/Organização e Gestão do Trabalho Industrial/scorm.onilearning.com.br/conteudo/componenteb55e.html]
[C:/Meus Sites/Organização e Gestão do Trabalho Industrial/scorm.onilearning.com.br/conteudo/componentefd39.html]
[C:/Meus Sites/Organização e Gestão do Trabalho Industrial/cdn.jsdelivr.net/npm/bootstrap-icons@1.11.3/font/bootstrap-icons.css]
[C:/Meus Sites/Organização e Gestão do Trabalho Industrial/cdn.jsdelivr.net/npm/uikit@3.16.15/dist/js/uikit.min.js]
[C:/Meus Sites/Organização e Gestão do Trabalho Industrial/code.jquery.com/jquery-3.2.1.min.js]
[C:/Meus Sites/Organização e Gestão do Trabalho Industrial/cdnjs.cloudflare.com/ajax/libs/html2pdf.js/0.10.1/html2pdf.bundle.min.js]
[C:/Meus Sites/Organização e Gestão do Trabalho Industrial/cdnjs.cloudflare.com/ajax/libs/jspdf/2.4.0/jspdf.umd.min.js]
[C:/Meus Sites/Organização e Gestão do Trabalho Industrial/scorm.onilearning.com.br/conteudo/novo_scorm/scorm-padrao/padrao/js/bootstrap.min.js]
[C:/Meus Sites/Organização e Gestão do Trabalho Industrial/scorm.onilearning.com.br/conteudo/componente2a7f.html]
[C:/Meus Sites/Organização e Gestão do Trabalho Industrial/scorm.onilearning.com.br/conteudo/slide3c79.pdf]
[C:/Meus Sites/Organização e Gestão do Trabalho Industrial/scorm.onilearning.com.br/conteudo/componente2f73.html]
[C:/Meus Sites/Organização e Gestão do Trabalho Industrial/scorm.onilearning.com.br/conteudo/slide9c48.pdf]
[C:/Meus Sites/Organização e Gestão do Trabalho Industrial/scorm.onilearning.com.br/conteudo/componente708e.html]
[C:/Meus Sites/Organização e Gestão do Trabalho Industrial/scorm.onilearning.com.br/conteudo/componented771.html]
[C:/Meus Sites/Organização e Gestão do Trabalho Industrial/scorm.onilearning.com.br/conteudo/componente4067.html]
[C:/Meus Sites/Organização e Gestão do Trabalho Industrial/scorm.onilearning.com.br/conteudo/componentea4e4.html]
[C:/Meus Sites/Organização e Gestão do Trabalho Industrial/scorm.onilearning.com.br/conteudo/slide8923.pdf]
[C:/Meus Sites/Organização e Gestão do Trabalho Industrial/scorm.onilearning.com.br/conteudo/componenteb21a.html]
[C:/Meus Sites/Organização e Gestão do Trabalho Industrial/scorm.onilearning.com.br/conteudo/slide370a.pdf]
[C:/Meus Sites/Organização e Gestão do Trabalho Industrial/scorm.onilearning.com.br/conteudo/componente70c0.html]
[C:/Meus Sites/Organização e Gestão do Trabalho Industrial/scorm.onilearning.com.br/conteudo/componentefd4b.html]
[C:/Meus Sites/Organização e Gestão do Trabalho Industrial/scorm.onilearning.com.br/conteudo/componentecdee.html]
[C:/Meus Sites/Organização e Gestão do Trabalho Industrial/scorm.onilearning.com.br/conteudo/componente07b7.html]
[C:/Meus Sites/Organização e Gestão do Trabalho Industrial/scorm.onilearning.com.br/conteudo/slideb748.pdf]
[C:/Meus Sites/Organização e Gestão do Trabalho Industrial/scorm.onilearning.com.br/conteudo/componente765f.html]
[C:/Meus Sites/Organização e Gestão do Trabalho Industrial/scorm.onilearning.com.br/conteudo/slided9f6.pdf]
[C:/Meus Sites/Organização e Gestão do Trabalho Industrial/scorm.onilearning.com.br/conteudo/componenteceb9.html]
[C:/Meus Sites/Organização e Gestão do Trabalho Industrial/scorm.onilearning.com.br/conteudo/componente799a.html]
[C:/Meus Sites/Organização e Gestão do Trabalho Industrial/scorm.onilearning.com.br/conteudo/componente18cc.html]
[C:/Meus Sites/Organização e Gestão do Trabalho Industrial/scorm.onilearning.com.br/conteudo/componenteeb40.html]
[C:/Meus Sites/Organização e Gestão do Trabalho Industrial/scorm.onilearning.com.br/conteudo/componente6969.html]
[C:/Meus Sites/Organização e Gestão do Trabalho Industrial/scorm.onilearning.com.br/conteudo/locale/locale.html]
[C:/Meus Sites/Organização e Gestão do Trabalho Industrial/scorm.onilearning.com.br/trilha/assets/pdf/build/pdf.js]
[C:/Meus Sites/Organização e Gestão do Trabalho Industrial/scorm.onilearning.com.br/trilha/assets/pdf/web/viewer.css]
[C:/Meus Sites/Organização e Gestão do Trabalho Industrial/scorm.onilearning.com.br/conteudo/dist/hls.js]
[C:/Meus Sites/Organização e Gestão do Trabalho Industrial/scorm.onilearning.com.br/conteudo/componente23e3.html]
[C:/Meus Sites/Organização e Gestão do Trabalho Industrial/scorm.onilearning.com.br/conteudo/componenteed4f.html]
[C:/Meus Sites/Organização e Gestão do Trabalho Industrial/scorm.onilearning.com.br/conteudo/componente278a.html]
